Archive member included to satisfy reference by file (symbol)

f:/mrd/mounriver_studio/toolchain/risc-v embedded gcc/bin/../lib/gcc/riscv-none-embed/8.2.0/rv32imac/ilp32\libgcc.a(adddf3.o)
                              ./CODE/Pid.o (__adddf3)
f:/mrd/mounriver_studio/toolchain/risc-v embedded gcc/bin/../lib/gcc/riscv-none-embed/8.2.0/rv32imac/ilp32\libgcc.a(eqdf2.o)
                              ./Libraries/seekfree_peripheral/SEEKFREE_PRINTF.o (__nedf2)
f:/mrd/mounriver_studio/toolchain/risc-v embedded gcc/bin/../lib/gcc/riscv-none-embed/8.2.0/rv32imac/ilp32\libgcc.a(ledf2.o)
                              ./Libraries/seekfree_peripheral/SEEKFREE_18TFT.o (__ltdf2)
f:/mrd/mounriver_studio/toolchain/risc-v embedded gcc/bin/../lib/gcc/riscv-none-embed/8.2.0/rv32imac/ilp32\libgcc.a(muldf3.o)
                              ./Libraries/seekfree_peripheral/SEEKFREE_PRINTF.o (__muldf3)
f:/mrd/mounriver_studio/toolchain/risc-v embedded gcc/bin/../lib/gcc/riscv-none-embed/8.2.0/rv32imac/ilp32\libgcc.a(subdf3.o)
                              ./Libraries/seekfree_peripheral/SEEKFREE_PRINTF.o (__subdf3)
f:/mrd/mounriver_studio/toolchain/risc-v embedded gcc/bin/../lib/gcc/riscv-none-embed/8.2.0/rv32imac/ilp32\libgcc.a(fixdfsi.o)
                              ./Libraries/seekfree_peripheral/SEEKFREE_PRINTF.o (__fixdfsi)
f:/mrd/mounriver_studio/toolchain/risc-v embedded gcc/bin/../lib/gcc/riscv-none-embed/8.2.0/rv32imac/ilp32\libgcc.a(floatsidf.o)
                              ./Libraries/seekfree_peripheral/SEEKFREE_PRINTF.o (__floatsidf)
f:/mrd/mounriver_studio/toolchain/risc-v embedded gcc/bin/../lib/gcc/riscv-none-embed/8.2.0/rv32imac/ilp32\libgcc.a(_clzsi2.o)
                              f:/mrd/mounriver_studio/toolchain/risc-v embedded gcc/bin/../lib/gcc/riscv-none-embed/8.2.0/rv32imac/ilp32\libgcc.a(adddf3.o) (__clzsi2)
f:/mrd/mounriver_studio/toolchain/risc-v embedded gcc/bin/../lib/gcc/riscv-none-embed/8.2.0/rv32imac/ilp32\libgcc.a(_clz.o)
                              f:/mrd/mounriver_studio/toolchain/risc-v embedded gcc/bin/../lib/gcc/riscv-none-embed/8.2.0/rv32imac/ilp32\libgcc.a(_clzsi2.o) (__clz_tab)
f:/mrd/mounriver_studio/toolchain/risc-v embedded gcc/bin/../lib/gcc/riscv-none-embed/8.2.0/../../../../riscv-none-embed/lib/rv32imac/ilp32\libg_nano.a(lib_a-assert.o)
                              ./Libraries/seekfree_peripheral/SEEKFREE_18TFT.o (__assert_func)
f:/mrd/mounriver_studio/toolchain/risc-v embedded gcc/bin/../lib/gcc/riscv-none-embed/8.2.0/../../../../riscv-none-embed/lib/rv32imac/ilp32\libg_nano.a(lib_a-fprintf.o)
                              f:/mrd/mounriver_studio/toolchain/risc-v embedded gcc/bin/../lib/gcc/riscv-none-embed/8.2.0/../../../../riscv-none-embed/lib/rv32imac/ilp32\libg_nano.a(lib_a-assert.o) (fiprintf)
f:/mrd/mounriver_studio/toolchain/risc-v embedded gcc/bin/../lib/gcc/riscv-none-embed/8.2.0/../../../../riscv-none-embed/lib/rv32imac/ilp32\libg_nano.a(lib_a-impure.o)
                              f:/mrd/mounriver_studio/toolchain/risc-v embedded gcc/bin/../lib/gcc/riscv-none-embed/8.2.0/../../../../riscv-none-embed/lib/rv32imac/ilp32\libg_nano.a(lib_a-assert.o) (_impure_ptr)
f:/mrd/mounriver_studio/toolchain/risc-v embedded gcc/bin/../lib/gcc/riscv-none-embed/8.2.0/../../../../riscv-none-embed/lib/rv32imac/ilp32\libg_nano.a(lib_a-memcpy.o)
                              ./Libraries/seekfree_peripheral/SEEKFREE_PRINTF.o (memcpy)
f:/mrd/mounriver_studio/toolchain/risc-v embedded gcc/bin/../lib/gcc/riscv-none-embed/8.2.0/../../../../riscv-none-embed/lib/rv32imac/ilp32\libg_nano.a(lib_a-nano-vfprintf.o)
                              f:/mrd/mounriver_studio/toolchain/risc-v embedded gcc/bin/../lib/gcc/riscv-none-embed/8.2.0/../../../../riscv-none-embed/lib/rv32imac/ilp32\libg_nano.a(lib_a-fprintf.o) (_vfprintf_r)
f:/mrd/mounriver_studio/toolchain/risc-v embedded gcc/bin/../lib/gcc/riscv-none-embed/8.2.0/../../../../riscv-none-embed/lib/rv32imac/ilp32\libg_nano.a(lib_a-nano-vfprintf_i.o)
                              f:/mrd/mounriver_studio/toolchain/risc-v embedded gcc/bin/../lib/gcc/riscv-none-embed/8.2.0/../../../../riscv-none-embed/lib/rv32imac/ilp32\libg_nano.a(lib_a-nano-vfprintf.o) (_printf_i)
f:/mrd/mounriver_studio/toolchain/risc-v embedded gcc/bin/../lib/gcc/riscv-none-embed/8.2.0/../../../../riscv-none-embed/lib/rv32imac/ilp32\libg_nano.a(lib_a-sprintf.o)
                              ./CODE/Function.o (sprintf)
f:/mrd/mounriver_studio/toolchain/risc-v embedded gcc/bin/../lib/gcc/riscv-none-embed/8.2.0/../../../../riscv-none-embed/lib/rv32imac/ilp32\libg_nano.a(lib_a-wbuf.o)
                              f:/mrd/mounriver_studio/toolchain/risc-v embedded gcc/bin/../lib/gcc/riscv-none-embed/8.2.0/../../../../riscv-none-embed/lib/rv32imac/ilp32\libg_nano.a(lib_a-nano-vfprintf.o) (__swbuf_r)
f:/mrd/mounriver_studio/toolchain/risc-v embedded gcc/bin/../lib/gcc/riscv-none-embed/8.2.0/../../../../riscv-none-embed/lib/rv32imac/ilp32\libg_nano.a(lib_a-wsetup.o)
[...]
Memory Configuration

Name             Origin             Length             Attributes
FLASH            0x0000000000000000 0x0000000000010000 xr
RAM              0x0000000020000000 0x0000000000005000 xrw
*default*        0x0000000000000000 0xffffffffffffffff

Linker script and memory map

LOAD ./USER/isr.o
LOAD ./USER/main.o
LOAD ./Libraries/wch_libraries/Startup/startup_ch32v10x.o
LOAD ./Libraries/wch_libraries/Peripheral/ch32v10x_adc.o
LOAD ./Libraries/wch_libraries/Peripheral/ch32v10x_bkp.o
LOAD ./Libraries/wch_libraries/Peripheral/ch32v10x_crc.o
LOAD ./Libraries/wch_libraries/Peripheral/ch32v10x_dbgmcu.o
LOAD ./Libraries/wch_libraries/Peripheral/ch32v10x_dma.o
LOAD ./Libraries/wch_libraries/Peripheral/ch32v10x_exti.o
LOAD ./Libraries/wch_libraries/Peripheral/ch32v10x_flash.o
LOAD ./Libraries/wch_libraries/Peripheral/ch32v10x_gpio.o
LOAD ./Libraries/wch_libraries/Peripheral/ch32v10x_i2c.o
LOAD ./Libraries/wch_libraries/Peripheral/ch32v10x_iwdg.o
LOAD ./Libraries/wch_libraries/Peripheral/ch32v10x_misc.o
LOAD ./Libraries/wch_libraries/Peripheral/ch32v10x_pwr.o
LOAD ./Libraries/wch_libraries/Peripheral/ch32v10x_rcc.o
LOAD ./Libraries/wch_libraries/Peripheral/ch32v10x_rtc.o
LOAD ./Libraries/wch_libraries/Peripheral/ch32v10x_spi.o
LOAD ./Libraries/wch_libraries/Peripheral/ch32v10x_tim.o
LOAD ./Libraries/wch_libraries/Peripheral/ch32v10x_usart.o
LOAD ./Libraries/wch_libraries/Peripheral/ch32v10x_usb.o
LOAD ./Libraries/wch_libraries/Peripheral/ch32v10x_usb_host.o
LOAD ./Libraries/wch_libraries/Peripheral/ch32v10x_wwdg.o
LOAD ./Libraries/wch_libraries/Core/core_riscv.o
LOAD ./Libraries/seekfree_peripheral/SEEKFREE_18TFT.o
LOAD ./Libraries/seekfree_peripheral/SEEKFREE_ABSOLUTE_ENCODER.o
LOAD ./Libraries/seekfree_peripheral/SEEKFREE_FONT.o
LOAD ./Libraries/seekfree_peripheral/SEEKFREE_ICM20602.o
LOAD ./Libraries/seekfree_peripheral/SEEKFREE_IIC.o
LOAD ./Libraries/seekfree_peripheral/SEEKFREE_IPS114_SPI.o
LOAD ./Libraries/seekfree_peripheral/SEEKFREE_MPU6050.o
LOAD ./Libraries/seekfree_peripheral/SEEKFREE_MT9V03X.o
LOAD ./Libraries/seekfree_peripheral/SEEKFREE_OLED.o
LOAD ./Libraries/seekfree_peripheral/SEEKFREE_PRINTF.o
LOAD ./Libraries/seekfree_peripheral/SEEKFREE_TSL1401.o
LOAD ./Libraries/seekfree_peripheral/SEEKFREE_UART_7725.o
LOAD ./Libraries/seekfree_peripheral/SEEKFREE_VIRSCO.o
LOAD ./Libraries/seekfree_peripheral/SEEKFREE_WIRELESS.o
LOAD ./Libraries/seekfree_libraries/common.o
LOAD ./Libraries/seekfree_libraries/misc.o
LOAD ./Libraries/seekfree_libraries/zf_adc.o
LOAD ./Libraries/seekfree_libraries/zf_camera.o
LOAD ./Libraries/seekfree_libraries/zf_flash.o
LOAD ./Libraries/seekfree_libraries/zf_gpio.o
LOAD ./Libraries/seekfree_libraries/zf_nvic.o
LOAD ./Libraries/seekfree_libraries/zf_pit.o
LOAD ./Libraries/seekfree_libraries/zf_pwm.o
LOAD ./Libraries/seekfree_libraries/zf_qtimer.o
LOAD ./Libraries/seekfree_libraries/zf_spi.o
LOAD ./Libraries/seekfree_libraries/zf_systick.o
LOAD ./Libraries/seekfree_libraries/zf_uart.o
LOAD ./Libraries/board/board.o
LOAD ./Libraries/board/clock_config.o
LOAD ./CODE/Car_control.o
LOAD ./CODE/Function.o
LOAD ./CODE/Key.o
LOAD ./CODE/Open_loop.o
LOAD ./CODE/Pid.o
LOAD ./CODE/Uart_TAR.o
LOAD ./CODE/Variable.o
LOAD f:/mrd/mounriver_studio/toolchain/risc-v embedded gcc/bin/../lib/gcc/riscv-none-embed/8.2.0/../../../../riscv-none-embed/lib/rv32imac/ilp32\libm.a
LOAD f:/mrd/mounriver_studio/toolchain/risc-v embedded gcc/bin/../lib/gcc/riscv-none-embed/8.2.0/rv32imac/ilp32\libgcc.a
LOAD f:/mrd/mounriver_studio/toolchain/risc-v embedded gcc/bin/../lib/gcc/riscv-none-embed/8.2.0/../../../../riscv-none-embed/lib/rv32imac/ilp32\libg_nano.a
LOAD f:/mrd/mounriver_studio/toolchain/risc-v embedded gcc/bin/../lib/gcc/riscv-none-embed/8.2.0/../../../../riscv-none-embed/lib/rv32imac/ilp32\libc_nano.a
LOAD f:/mrd/mounriver_studio/toolchain/risc-v embedded gcc/bin/../lib/gcc/riscv-none-embed/8.2.0/rv32imac/ilp32\libgcc.a
START GROUP
LOAD f:/mrd/mounriver_studio/toolchain/risc-v embedded gcc/bin/../lib/gcc/riscv-none-embed/8.2.0/rv32imac/ilp32\libgcc.a
LOAD f:/mrd/mounriver_studio/toolchain/risc-v embedded gcc/bin/../lib/gcc/riscv-none-embed/8.2.0/../../../../riscv-none-embed/lib/rv32imac/ilp32\libc_nano.a
LOAD f:/mrd/mounriver_studio/toolchain/risc-v embedded gcc/bin/../lib/gcc/riscv-none-embed/8.2.0/../../../../riscv-none-embed/lib/rv32imac/ilp32\libnosys.a
END GROUP
START GROUP
LOAD f:/mrd/mounriver_studio/toolchain/risc-v embedded gcc/bin/../lib/gcc/riscv-none-embed/8.2.0/rv32imac/ilp32\libgcc.a
LOAD f:/mrd/mounriver_studio/toolchain/risc-v embedded gcc/bin/../lib/gcc/riscv-none-embed/8.2.0/../../../../riscv-none-embed/lib/rv32imac/ilp32\libc_nano.a
LOAD f:/mrd/mounriver_studio/toolchain/risc-v embedded gcc/bin/../lib/gcc/riscv-none-embed/8.2.0/../../../../riscv-none-embed/lib/rv32imac/ilp32\libnosys.a
END GROUP
                0x0000000000000800                __stack_size = 0x800
                [!provide]                        PROVIDE (_stack_size = __stack_size)

.init           0x0000000000000000       0x38
                0x0000000000000000                _sinit = .
                0x0000000000000000                . = ALIGN (0x4)
 *(SORT_NONE(.init))
 .init          0x0000000000000000       0x38 ./Libraries/wch_libraries/Startup/startup_ch32v10x.o
                0x0000000000000000                _start
                0x0000000000000038                . = ALIGN (0x4)
                0x0000000000000038                _einit = .

.vector         0x0000000000000038      0x108
 *(.vector)
 .vector        0x0000000000000038       0xf0 ./Libraries/wch_libraries/Startup/startup_ch32v10x.o
                0x0000000000000140                . = ALIGN (0x40)
 *fill*         0x0000000000000128       0x18 

.text           0x0000000000000140     0x46a4
                0x0000000000000140                . = ALIGN (0x4)
 *(.text)
 .text          0x0000000000000140       0xa8 f:/mrd/mounriver_studio/toolchain/risc-v embedded gcc/bin/../lib/gcc/riscv-none-embed/8.2.0/../../../../riscv-none-embed/lib/rv32imac/ilp32\libg_nano.a(lib_a-memset.o)
                0x0000000000000140                memset
 *(.text.*)
 .text.EXTI1_IRQHandler
                0x00000000000001e8       0x4a ./USER/isr.o
                0x00000000000001e8                EXTI1_IRQHandler
 .text.EXTI2_IRQHandler
                0x0000000000000232       0x16 ./USER/isr.o
                0x0000000000000232                EXTI2_IRQHandler
 .text.EXTI3_IRQHandler
                0x0000000000000248       0x10 ./USER/isr.o
                0x0000000000000248                EXTI3_IRQHandler
 .text.EXTI4_IRQHandler
                0x0000000000000258       0x10 ./USER/isr.o
                0x0000000000000258                EXTI4_IRQHandler
 .text.EXTI9_5_IRQHandler
                0x0000000000000268       0x10 ./USER/isr.o
                0x0000000000000268                EXTI9_5_IRQHandler
 .text.EXTI15_10_IRQHandler
                0x0000000000000278       0x10 ./USER/isr.o
                0x0000000000000278                EXTI15_10_IRQHandler
 .text.ADC1_2_IRQHandler
                0x0000000000000288       0x10 ./USER/isr.o
                0x0000000000000288                ADC1_2_IRQHandler
 .text.TIM1_BRK_IRQHandler
                0x0000000000000298       0x34 ./USER/isr.o
                0x0000000000000298                TIM1_BRK_IRQHandler
 .text.TIM1_UP_IRQHandler
                0x00000000000002cc       0x30 ./USER/isr.o
                0x00000000000002cc                TIM1_UP_IRQHandler
 .text.TIM1_TRG_COM_IRQHandler
                0x00000000000002fc       0x58 ./USER/isr.o
                0x00000000000002fc                TIM1_TRG_COM_IRQHandler
 .text.TIM1_CC_IRQHandler
                0x0000000000000354       0x90 ./USER/isr.o
                0x0000000000000354                TIM1_CC_IRQHandler
 .text.TIM2_IRQHandler
                0x00000000000003e4       0x28 ./USER/isr.o
                0x00000000000003e4                TIM2_IRQHandler
 .text.TIM3_IRQHandler
                0x000000000000040c       0x30 ./USER/isr.o
                0x000000000000040c                TIM3_IRQHandler
 .text.TIM4_IRQHandler
                0x000000000000043c       0x30 ./USER/isr.o
                0x000000000000043c                TIM4_IRQHandler
 .text.USART1_IRQHandler
                0x000000000000046c       0x10 ./USER/isr.o
                0x000000000000046c                USART1_IRQHandler
 .text.USART2_IRQHandler
                0x000000000000047c       0x5a ./USER/isr.o
                0x000000000000047c                USART2_IRQHandler
 .text.DMA1_Channel4_IRQHandler
                0x00000000000004d6       0x46 ./USER/isr.o
                0x00000000000004d6                DMA1_Channel4_IRQHandler
 .text.NMI_Handler
                0x000000000000051c       0x10 ./USER/isr.o
                0x000000000000051c                NMI_Handler
 .text.HardFault_Handler
                0x000000000000052c        0x8 ./USER/isr.o
                0x000000000000052c                HardFault_Handler
 .text.get_slave_data
                0x0000000000000534       0x86 ./USER/main.o
                0x0000000000000534                get_slave_data
 .text.data_analysis
                0x00000000000005ba       0xcc ./USER/main.o
                0x00000000000005ba                data_analysis
 .text.USART3_IRQHandler
                0x0000000000000686       0x4e ./USER/main.o
                0x0000000000000686                USART3_IRQHandler
 .text.EXTI0_IRQHandler
                0x00000000000006d4       0x40 ./USER/main.o
                0x00000000000006d4                EXTI0_IRQHandler
 .text.main     0x0000000000000714       0x86 ./USER/main.o
                0x0000000000000714                main
 .text.handle_reset
                0x000000000000079a       0x7a ./Libraries/wch_libraries/Startup/startup_ch32v10x.o
                0x000000000000079a                handle_reset
 .text.DMA_GetFlagStatus
                0x0000000000000814       0x5c ./Libraries/wch_libraries/Peripheral/ch32v10x_dma.o
                0x0000000000000814                DMA_GetFlagStatus
 .text.DMA_ClearFlag
                0x0000000000000870       0x38 ./Libraries/wch_libraries/Peripheral/ch32v10x_dma.o
                0x0000000000000870                DMA_ClearFlag
 .text.EXTI_Init
                0x00000000000008a8      0x170 ./Libraries/wch_libraries/Peripheral/ch32v10x_exti.o
                0x00000000000008a8                EXTI_Init
 .text.EXTI_GetITStatus
                0x0000000000000a18       0x56 ./Libraries/wch_libraries/Peripheral/ch32v10x_exti.o
                0x0000000000000a18                EXTI_GetITStatus
 .text.EXTI_ClearITPendingBit
                0x0000000000000a6e       0x20 ./Libraries/wch_libraries/Peripheral/ch32v10x_exti.o
                0x0000000000000a6e                EXTI_ClearITPendingBit
 .text.GPIO_Init
                0x0000000000000a8e      0x22a ./Libraries/wch_libraries/Peripheral/ch32v10x_gpio.o
                0x0000000000000a8e                GPIO_Init
 .text.GPIO_WriteBit
                0x0000000000000cb8       0x38 ./Libraries/wch_libraries/Peripheral/ch32v10x_gpio.o
                0x0000000000000cb8                GPIO_WriteBit
 .text.GPIO_PinRemapConfig
                0x0000000000000cf0      0x13c ./Libraries/wch_libraries/Peripheral/ch32v10x_gpio.o
                0x0000000000000cf0                GPIO_PinRemapConfig
 .text.GPIO_EXTILineConfig
                0x0000000000000e2c       0xa2 ./Libraries/wch_libraries/Peripheral/ch32v10x_gpio.o
                0x0000000000000e2c                GPIO_EXTILineConfig
 .text.NVIC_EnableIRQ
                0x0000000000000ece       0x32 ./Libraries/wch_libraries/Peripheral/ch32v10x_misc.o
 .text.NVIC_DisableIRQ
                0x0000000000000f00       0x32 ./Libraries/wch_libraries/Peripheral/ch32v10x_misc.o
 .text.NVIC_SetPriority
                0x0000000000000f32       0x2a ./Libraries/wch_libraries/Peripheral/ch32v10x_misc.o
 .text.NVIC_Init
                0x0000000000000f5c       0xc4 ./Libraries/wch_libraries/Peripheral/ch32v10x_misc.o
                0x0000000000000f5c                NVIC_Init
 .text.RCC_GetClocksFreq
                0x0000000000001020      0x21a ./Libraries/wch_libraries/Peripheral/ch32v10x_rcc.o
                0x0000000000001020                RCC_GetClocksFreq
 .text.RCC_APB2PeriphClockCmd
                0x000000000000123a       0x46 ./Libraries/wch_libraries/Peripheral/ch32v10x_rcc.o
                0x000000000000123a                RCC_APB2PeriphClockCmd
 .text.RCC_APB1PeriphClockCmd
                0x0000000000001280       0x46 ./Libraries/wch_libraries/Peripheral/ch32v10x_rcc.o
                0x0000000000001280                RCC_APB1PeriphClockCmd
 .text.SPI_Init
                0x00000000000012c6       0xf8 ./Libraries/wch_libraries/Peripheral/ch32v10x_spi.o
                0x00000000000012c6                SPI_Init
 .text.SPI_Cmd  0x00000000000013be       0x5a ./Libraries/wch_libraries/Peripheral/ch32v10x_spi.o
                0x00000000000013be                SPI_Cmd
 .text.TIM_GetITStatus
                0x0000000000001418       0x70 ./Libraries/wch_libraries/Peripheral/ch32v10x_tim.o
                0x0000000000001418                TIM_GetITStatus
 .text.TIM_ClearITPendingBit
                0x0000000000001488       0x2e ./Libraries/wch_libraries/Peripheral/ch32v10x_tim.o
                0x0000000000001488                TIM_ClearITPendingBit
 .text.USART_Init
                0x00000000000014b6      0x232 ./Libraries/wch_libraries/Peripheral/ch32v10x_usart.o
                0x00000000000014b6                USART_Init
 .text.USART_Cmd
                0x00000000000016e8       0x60 ./Libraries/wch_libraries/Peripheral/ch32v10x_usart.o
                0x00000000000016e8                USART_Cmd
 .text.USART_ITConfig
                0x0000000000001748       0xc4 ./Libraries/wch_libraries/Peripheral/ch32v10x_usart.o
                0x0000000000001748                USART_ITConfig
 .text.USART_SendData
                0x000000000000180c       0x2e ./Libraries/wch_libraries/Peripheral/ch32v10x_usart.o
                0x000000000000180c                USART_SendData
 .text.USART_ReceiveData
                0x000000000000183a       0x26 ./Libraries/wch_libraries/Peripheral/ch32v10x_usart.o
                0x000000000000183a                USART_ReceiveData
 .text.USART_GetFlagStatus
                0x0000000000001860       0x46 ./Libraries/wch_libraries/Peripheral/ch32v10x_usart.o
                0x0000000000001860                USART_GetFlagStatus
 .text.USART_GetITStatus
                0x00000000000018a6      0x102 ./Libraries/wch_libraries/Peripheral/ch32v10x_usart.o
                0x00000000000018a6                USART_GetITStatus
 .text.USART_ClearITPendingBit
                0x00000000000019a8       0x4e ./Libraries/wch_libraries/Peripheral/ch32v10x_usart.o
                0x00000000000019a8                USART_ClearITPendingBit
 .text.ips114_writeIndex
                0x00000000000019f6       0x52 ./Libraries/seekfree_peripheral/SEEKFREE_IPS114_SPI.o
                0x00000000000019f6                ips114_writeIndex
 .text.ips114_writeData
                0x0000000000001a48       0x52 ./Libraries/seekfree_peripheral/SEEKFREE_IPS114_SPI.o
                0x0000000000001a48                ips114_writeData
 .text.ips114_writedata_16bit
                0x0000000000001a9a       0x70 ./Libraries/seekfree_peripheral/SEEKFREE_IPS114_SPI.o
                0x0000000000001a9a                ips114_writedata_16bit
 .text.ips114_init
                0x0000000000001b0a      0x260 ./Libraries/seekfree_peripheral/SEEKFREE_IPS114_SPI.o
                0x0000000000001b0a                ips114_init
 .text.ips114_set_region
                0x0000000000001d6a       0x7e ./Libraries/seekfree_peripheral/SEEKFREE_IPS114_SPI.o
                0x0000000000001d6a                ips114_set_region
 .text.ips114_clear
                0x0000000000001de8       0x66 ./Libraries/seekfree_peripheral/SEEKFREE_IPS114_SPI.o
                0x0000000000001de8                ips114_clear
 .text.ips114_showchar
                0x0000000000001e4e       0xe2 ./Libraries/seekfree_peripheral/SEEKFREE_IPS114_SPI.o
                0x0000000000001e4e                ips114_showchar
 .text.ips114_showint16
                0x0000000000001f30      0x176 ./Libraries/seekfree_peripheral/SEEKFREE_IPS114_SPI.o
                0x0000000000001f30                ips114_showint16
 .text.mt9v03x_uart_callback
                0x00000000000020a6       0x70 ./Libraries/seekfree_peripheral/SEEKFREE_MT9V03X.o
                0x00000000000020a6                mt9v03x_uart_callback
 .text.mt9v03x_vsync
                0x0000000000002116       0x36 ./Libraries/seekfree_peripheral/SEEKFREE_MT9V03X.o
                0x0000000000002116                mt9v03x_vsync
 .text.mt9v03x_dma
                0x000000000000214c       0x2e ./Libraries/seekfree_peripheral/SEEKFREE_MT9V03X.o
                0x000000000000214c                mt9v03x_dma
 .text.ov7725_cof_uart_interrupt
                0x000000000000217a       0x70 ./Libraries/seekfree_peripheral/SEEKFREE_UART_7725.o
                0x000000000000217a                ov7725_cof_uart_interrupt
 .text.ov7725_uart_vsync
                0x00000000000021ea       0x36 ./Libraries/seekfree_peripheral/SEEKFREE_UART_7725.o
                0x00000000000021ea                ov7725_uart_vsync
 .text.ov7725_uart_dma
                0x0000000000002220       0x2e ./Libraries/seekfree_peripheral/SEEKFREE_UART_7725.o
                0x0000000000002220                ov7725_uart_dma
 .text.gpio_init
                0x000000000000224e      0x1a4 ./Libraries/seekfree_libraries/zf_gpio.o
                0x000000000000224e                gpio_init
 .text.gpio_interrupt_init
                0x00000000000023f2       0x80 ./Libraries/seekfree_libraries/zf_gpio.o
                0x00000000000023f2                gpio_interrupt_init
 .text.nvic_init
                0x0000000000002472       0x98 ./Libraries/seekfree_libraries/zf_nvic.o
                0x0000000000002472                nvic_init
 .text.close_all_irq
                0x000000000000250a       0x22 ./Libraries/seekfree_libraries/zf_nvic.o
                0x000000000000250a                close_all_irq
 .text.sys_recover_irq
                0x000000000000252c       0x28 ./Libraries/seekfree_libraries/zf_nvic.o
                0x000000000000252c                sys_recover_irq
 .text.DisableGlobalIRQ
                0x0000000000002554       0x3c ./Libraries/seekfree_libraries/zf_nvic.o
                0x0000000000002554                DisableGlobalIRQ
 .text.EnableGlobalIRQ
                0x0000000000002590       0x28 ./Libraries/seekfree_libraries/zf_nvic.o
                0x0000000000002590                EnableGlobalIRQ
 .text.spi_gpio_init
                0x00000000000025b8      0x18c ./Libraries/seekfree_libraries/zf_spi.o
                0x00000000000025b8                spi_gpio_init
 .text.spi_init
                0x0000000000002744      0x134 ./Libraries/seekfree_libraries/zf_spi.o
                0x0000000000002744                spi_init
 .text.spi_mosi
                0x0000000000002878       0xc2 ./Libraries/seekfree_libraries/zf_spi.o
                0x0000000000002878                spi_mosi
 .text.systick_delay
                0x000000000000293a       0x94 ./Libraries/seekfree_libraries/zf_systick.o
                0x000000000000293a                systick_delay
 .text.uart_gpio_init
                0x00000000000029ce       0xec ./Libraries/seekfree_libraries/zf_uart.o
                0x00000000000029ce                uart_gpio_init
 .text.uart_init
                0x0000000000002aba      0x104 ./Libraries/seekfree_libraries/zf_uart.o
                0x0000000000002aba                uart_init
 .text.uart_rx_irq
                0x0000000000002bbe       0x50 ./Libraries/seekfree_libraries/zf_uart.o
                0x0000000000002bbe                uart_rx_irq
 .text.board_init
                0x0000000000002c0e       0x46 ./Libraries/board/board.o
                0x0000000000002c0e                board_init
 .text._write   0x0000000000002c54       0x78 ./Libraries/board/board.o
                0x0000000000002c54                _write
 .text.SetSysClock
                0x0000000000002ccc      0x140 ./Libraries/board/clock_config.o
 .text.SystemInit
                0x0000000000002e0c       0x7c ./Libraries/board/clock_config.o
                0x0000000000002e0c                SystemInit
 .text.__assert_func
                0x0000000000002e88       0x3a f:/mrd/mounriver_studio/toolchain/risc-v embedded gcc/bin/../lib/gcc/riscv-none-embed/8.2.0/../../../../riscv-none-embed/lib/rv32imac/ilp32\libg_nano.a(lib_a-assert.o)
                0x0000000000002e88                __assert_func
 .text.fprintf  0x0000000000002ec2       0x26 f:/mrd/mounriver_studio/toolchain/risc-v embedded gcc/bin/../lib/gcc/riscv-none-embed/8.2.0/../../../../riscv-none-embed/lib/rv32imac/ilp32\libg_nano.a(lib_a-fprintf.o)
                0x0000000000002ec2                fiprintf
                0x0000000000002ec2                fprintf
 .text.__sfputc_r
                0x0000000000002ee8       0x28 f:/mrd/mounriver_studio/toolchain/risc-v embedded gcc/bin/../lib/gcc/riscv-none-embed/8.2.0/../../../../riscv-none-embed/lib/rv32imac/ilp32\libg_nano.a(lib_a-nano-vfprintf.o)
 .text.__sfputs_r
                0x0000000000002f10       0x42 f:/mrd/mounriver_studio/toolchain/risc-v embedded gcc/bin/../lib/gcc/riscv-none-embed/8.2.0/../../../../riscv-none-embed/lib/rv32imac/ilp32\libg_nano.a(lib_a-nano-vfprintf.o)
                0x0000000000002f10                __sfputs_r
 .text._vfprintf_r
                0x0000000000002f52      0x29e f:/mrd/mounriver_studio/toolchain/risc-v embedded gcc/bin/../lib/gcc/riscv-none-embed/8.2.0/../../../../riscv-none-embed/lib/rv32imac/ilp32\libg_nano.a(lib_a-nano-vfprintf.o)
                0x0000000000002f52                _vfprintf_r
                0x0000000000002f52                _vfiprintf_r
 .text._printf_common
                0x00000000000031f0      0x10c f:/mrd/mounriver_studio/toolchain/risc-v embedded gcc/bin/../lib/gcc/riscv-none-embed/8.2.0/../../../../riscv-none-embed/lib/rv32imac/ilp32\libg_nano.a(lib_a-nano-vfprintf_i.o)
                0x00000000000031f0                _printf_common
 .text._printf_i
                0x00000000000032fc      0x2a4 f:/mrd/mounriver_studio/toolchain/risc-v embedded gcc/bin/../lib/gcc/riscv-none-embed/8.2.0/../../../../riscv-none-embed/lib/rv32imac/ilp32\libg_nano.a(lib_a-nano-vfprintf_i.o)
                0x00000000000032fc                _printf_i
 .text.__swbuf_r
                0x00000000000035a0       0xc0 f:/mrd/mounriver_studio/toolchain/risc-v embedded gcc/bin/../lib/gcc/riscv-none-embed/8.2.0/../../../../riscv-none-embed/lib/rv32imac/ilp32\libg_nano.a(lib_a-wbuf.o)
                0x00000000000035a0                __swbuf_r
 .text.__swsetup_r
                0x0000000000003660      0x10c f:/mrd/mounriver_studio/toolchain/risc-v embedded gcc/bin/../lib/gcc/riscv-none-embed/8.2.0/../../../../riscv-none-embed/lib/rv32imac/ilp32\libg_nano.a(lib_a-wsetup.o)
                0x0000000000003660                __swsetup_r
 .text.abort    0x000000000000376c        0xe f:/mrd/mounriver_studio/toolchain/risc-v embedded gcc/bin/../lib/gcc/riscv-none-embed/8.2.0/../../../../riscv-none-embed/lib/rv32imac/ilp32\libg_nano.a(lib_a-abort.o)
                0x000000000000376c                abort
 .text.__sflush_r
                0x000000000000377a      0x13c f:/mrd/mounriver_studio/toolchain/risc-v embedded gcc/bin/../lib/gcc/riscv-none-embed/8.2.0/../../../../riscv-none-embed/lib/rv32imac/ilp32\libg_nano.a(lib_a-fflush.o)
                0x000000000000377a                __sflush_r
 .text._fflush_r
                0x00000000000038b6       0x64 f:/mrd/mounriver_studio/toolchain/risc-v embedded gcc/bin/../lib/gcc/riscv-none-embed/8.2.0/../../../../riscv-none-embed/lib/rv32imac/ilp32\libg_nano.a(lib_a-fflush.o)
                0x00000000000038b6                _fflush_r
 .text.std      0x000000000000391a       0x6a f:/mrd/mounriver_studio/toolchain/risc-v embedded gcc/bin/../lib/gcc/riscv-none-embed/8.2.0/../../../../riscv-none-embed/lib/rv32imac/ilp32\libg_nano.a(lib_a-findfp.o)
 .text._cleanup_r
                0x0000000000003984        0xa f:/mrd/mounriver_studio/toolchain/risc-v embedded gcc/bin/../lib/gcc/riscv-none-embed/8.2.0/../../../../riscv-none-embed/lib/rv32imac/ilp32\libg_nano.a(lib_a-findfp.o)
                0x0000000000003984                _cleanup_r
 .text.__sfmoreglue
                0x000000000000398e       0x46 f:/mrd/mounriver_studio/toolchain/risc-v embedded gcc/bin/../lib/gcc/riscv-none-embed/8.2.0/../../../../riscv-none-embed/lib/rv32imac/ilp32\libg_nano.a(lib_a-findfp.o)
                0x000000000000398e                __sfmoreglue
 .text.__sinit  0x00000000000039d4       0x66 f:/mrd/mounriver_studio/toolchain/risc-v embedded gcc/bin/../lib/gcc/riscv-none-embed/8.2.0/../../../../riscv-none-embed/lib/rv32imac/ilp32\libg_nano.a(lib_a-findfp.o)
                0x00000000000039d4                __sinit
 .text.__sfp    0x0000000000003a3a       0x9c f:/mrd/mounriver_studio/toolchain/risc-v embedded gcc/bin/../lib/gcc/riscv-none-embed/8.2.0/../../../../riscv-none-embed/lib/rv32imac/ilp32\libg_nano.a(lib_a-findfp.o)
                0x0000000000003a3a                __sfp
 .text._fwalk_reent
                0x0000000000003ad6       0x6c f:/mrd/mounriver_studio/toolchain/risc-v embedded gcc/bin/../lib/gcc/riscv-none-embed/8.2.0/../../../../riscv-none-embed/lib/rv32imac/ilp32\libg_nano.a(lib_a-fwalk.o)
                0x0000000000003ad6                _fwalk_reent
 .text.__swhatbuf_r
                0x0000000000003b42       0x58 f:/mrd/mounriver_studio/toolchain/risc-v embedded gcc/bin/../lib/gcc/riscv-none-embed/8.2.0/../../../../riscv-none-embed/lib/rv32imac/ilp32\libg_nano.a(lib_a-makebuf.o)
                0x0000000000003b42                __swhatbuf_r
 .text.__smakebuf_r
                0x0000000000003b9a       0x9c f:/mrd/mounriver_studio/toolchain/risc-v embedded gcc/bin/../lib/gcc/riscv-none-embed/8.2.0/../../../../riscv-none-embed/lib/rv32imac/ilp32\libg_nano.a(lib_a-makebuf.o)
                0x0000000000003b9a                __smakebuf_r
 .text.memchr   0x0000000000003c36       0x1a f:/mrd/mounriver_studio/toolchain/risc-v embedded gcc/bin/../lib/gcc/riscv-none-embed/8.2.0/../../../../riscv-none-embed/lib/rv32imac/ilp32\libg_nano.a(lib_a-memchr.o)
                0x0000000000003c36                memchr
 .text._free_r  0x0000000000003c50       0xa4 f:/mrd/mounriver_studio/toolchain/risc-v embedded gcc/bin/../lib/gcc/riscv-none-embed/8.2.0/../../../../riscv-none-embed/lib/rv32imac/ilp32\libg_nano.a(lib_a-nano-freer.o)
                0x0000000000003c50                _free_r
 .text._malloc_r
                0x0000000000003cf4       0xce f:/mrd/mounriver_studio/toolchain/risc-v embedded gcc/bin/../lib/gcc/riscv-none-embed/8.2.0/../../../../riscv-none-embed/lib/rv32imac/ilp32\libg_nano.a(lib_a-nano-mallocr.o)
                0x0000000000003cf4                _malloc_r
 .text._sbrk_r  0x0000000000003dc2       0x28 f:/mrd/mounriver_studio/toolchain/risc-v embedded gcc/bin/../lib/gcc/riscv-none-embed/8.2.0/../../../../riscv-none-embed/lib/rv32imac/ilp32\libg_nano.a(lib_a-sbrkr.o)
                0x0000000000003dc2                _sbrk_r
 .text._raise_r
                0x0000000000003dea       0x62 f:/mrd/mounriver_studio/toolchain/risc-v embedded gcc/bin/../lib/gcc/riscv-none-embed/8.2.0/../../../../riscv-none-embed/lib/rv32imac/ilp32\libg_nano.a(lib_a-signal.o)
                0x0000000000003dea                _raise_r
 .text.raise    0x0000000000003e4c        0xa f:/mrd/mounriver_studio/toolchain/risc-v embedded gcc/bin/../lib/gcc/riscv-none-embed/8.2.0/../../../../riscv-none-embed/lib/rv32imac/ilp32\libg_nano.a(lib_a-signal.o)
                0x0000000000003e4c                raise
 .text._kill_r  0x0000000000003e56       0x2a f:/mrd/mounriver_studio/toolchain/risc-v embedded gcc/bin/../lib/gcc/riscv-none-embed/8.2.0/../../../../riscv-none-embed/lib/rv32imac/ilp32\libg_nano.a(lib_a-signalr.o)
                0x0000000000003e56                _kill_r
 .text._getpid_r
                0x0000000000003e80        0x2 f:/mrd/mounriver_studio/toolchain/risc-v embedded gcc/bin/../lib/gcc/riscv-none-embed/8.2.0/../../../../riscv-none-embed/lib/rv32imac/ilp32\libg_nano.a(lib_a-signalr.o)
                0x0000000000003e80                _getpid_r
 .text.__sread  0x0000000000003e82       0x30 f:/mrd/mounriver_studio/toolchain/risc-v embedded gcc/bin/../lib/gcc/riscv-none-embed/8.2.0/../../../../riscv-none-embed/lib/rv32imac/ilp32\libg_nano.a(lib_a-stdio.o)
                0x0000000000003e82                __sread
 .text.__swrite
                0x0000000000003eb2       0x4e f:/mrd/mounriver_studio/toolchain/risc-v embedded gcc/bin/../lib/gcc/riscv-none-embed/8.2.0/../../../../riscv-none-embed/lib/rv32imac/ilp32\libg_nano.a(lib_a-stdio.o)
                0x0000000000003eb2                __swrite
 .text.__sseek  0x0000000000003f00       0x36 f:/mrd/mounriver_studio/toolchain/risc-v embedded gcc/bin/../lib/gcc/riscv-none-embed/8.2.0/../../../../riscv-none-embed/lib/rv32imac/ilp32\libg_nano.a(lib_a-stdio.o)
                0x0000000000003f00                __sseek
 .text.__sclose
                0x0000000000003f36        0x6 f:/mrd/mounriver_studio/toolchain/risc-v embedded gcc/bin/../lib/gcc/riscv-none-embed/8.2.0/../../../../riscv-none-embed/lib/rv32imac/ilp32\libg_nano.a(lib_a-stdio.o)
                0x0000000000003f36                __sclose
 .text._write_r
                0x0000000000003f3c       0x2e f:/mrd/mounriver_studio/toolchain/risc-v embedded gcc/bin/../lib/gcc/riscv-none-embed/8.2.0/../../../../riscv-none-embed/lib/rv32imac/ilp32\libg_nano.a(lib_a-writer.o)
                0x0000000000003f3c                _write_r
 .text._close_r
                0x0000000000003f6a       0x28 f:/mrd/mounriver_studio/toolchain/risc-v embedded gcc/bin/../lib/gcc/riscv-none-embed/8.2.0/../../../../riscv-none-embed/lib/rv32imac/ilp32\libg_nano.a(lib_a-closer.o)
                0x0000000000003f6a                _close_r
 .text._fstat_r
                0x0000000000003f92       0x2a f:/mrd/mounriver_studio/toolchain/risc-v embedded gcc/bin/../lib/gcc/riscv-none-embed/8.2.0/../../../../riscv-none-embed/lib/rv32imac/ilp32\libg_nano.a(lib_a-fstatr.o)
                0x0000000000003f92                _fstat_r
 .text._isatty_r
                0x0000000000003fbc       0x28 f:/mrd/mounriver_studio/toolchain/risc-v embedded gcc/bin/../lib/gcc/riscv-none-embed/8.2.0/../../../../riscv-none-embed/lib/rv32imac/ilp32\libg_nano.a(lib_a-isattyr.o)
                0x0000000000003fbc                _isatty_r
 .text._lseek_r
                0x0000000000003fe4       0x2c f:/mrd/mounriver_studio/toolchain/risc-v embedded gcc/bin/../lib/gcc/riscv-none-embed/8.2.0/../../../../riscv-none-embed/lib/rv32imac/ilp32\libg_nano.a(lib_a-lseekr.o)
                0x0000000000003fe4                _lseek_r
 .text.__malloc_lock
                0x0000000000004010        0x2 f:/mrd/mounriver_studio/toolchain/risc-v embedded gcc/bin/../lib/gcc/riscv-none-embed/8.2.0/../../../../riscv-none-embed/lib/rv32imac/ilp32\libg_nano.a(lib_a-mlock.o)
                0x0000000000004010                __malloc_lock
 .text.__malloc_unlock
                0x0000000000004012        0x2 f:/mrd/mounriver_studio/toolchain/risc-v embedded gcc/bin/../lib/gcc/riscv-none-embed/8.2.0/../../../../riscv-none-embed/lib/rv32imac/ilp32\libg_nano.a(lib_a-mlock.o)
                0x0000000000004012                __malloc_unlock
 .text._read_r  0x0000000000004014       0x2c f:/mrd/mounriver_studio/toolchain/risc-v embedded gcc/bin/../lib/gcc/riscv-none-embed/8.2.0/../../../../riscv-none-embed/lib/rv32imac/ilp32\libg_nano.a(lib_a-readr.o)
                0x0000000000004014                _read_r
 .text._close   0x0000000000004040        0xc f:/mrd/mounriver_studio/toolchain/risc-v embedded gcc/bin/../lib/gcc/riscv-none-embed/8.2.0/../../../../riscv-none-embed/lib/rv32imac/ilp32\libnosys.a(close.o)
                0x0000000000004040                _close
 .text._fstat   0x000000000000404c        0xc f:/mrd/mounriver_studio/toolchain/risc-v embedded gcc/bin/../lib/gcc/riscv-none-embed/8.2.0/../../../../riscv-none-embed/lib/rv32imac/ilp32\libnosys.a(fstat.o)
                0x000000000000404c                _fstat
 .text._getpid  0x0000000000004058        0xc f:/mrd/mounriver_studio/toolchain/risc-v embedded gcc/bin/../lib/gcc/riscv-none-embed/8.2.0/../../../../riscv-none-embed/lib/rv32imac/ilp32\libnosys.a(getpid.o)
                0x0000000000004058                _getpid
 .text._isatty  0x0000000000004064        0xc f:/mrd/mounriver_studio/toolchain/risc-v embedded gcc/bin/../lib/gcc/riscv-none-embed/8.2.0/../../../../riscv-none-embed/lib/rv32imac/ilp32\libnosys.a(isatty.o)
                0x0000000000004064                _isatty
 .text._kill    0x0000000000004070        0xc f:/mrd/mounriver_studio/toolchain/risc-v embedded gcc/bin/../lib/gcc/riscv-none-embed/8.2.0/../../../../riscv-none-embed/lib/rv32imac/ilp32\libnosys.a(kill.o)
                0x0000000000004070                _kill
 .text._lseek   0x000000000000407c        0xc f:/mrd/mounriver_studio/toolchain/risc-v embedded gcc/bin/../lib/gcc/riscv-none-embed/8.2.0/../../../../riscv-none-embed/lib/rv32imac/ilp32\libnosys.a(lseek.o)
                0x000000000000407c                _lseek
 .text._read    0x0000000000004088        0xc f:/mrd/mounriver_studio/toolchain/risc-v embedded gcc/bin/../lib/gcc/riscv-none-embed/8.2.0/../../../../riscv-none-embed/lib/rv32imac/ilp32\libnosys.a(read.o)
                0x0000000000004088                _read
 .text._sbrk    0x0000000000004094       0x20 f:/mrd/mounriver_studio/toolchain/risc-v embedded gcc/bin/../lib/gcc/riscv-none-embed/8.2.0/../../../../riscv-none-embed/lib/rv32imac/ilp32\libnosys.a(sbrk.o)
                0x0000000000004094                _sbrk
 .text._exit    0x00000000000040b4        0x2 f:/mrd/mounriver_studio/toolchain/risc-v embedded gcc/bin/../lib/gcc/riscv-none-embed/8.2.0/../../../../riscv-none-embed/lib/rv32imac/ilp32\libnosys.a(_exit.o)
                0x00000000000040b4                _exit
 *(.rodata)
 *fill*         0x00000000000040b6        0x2 
 .rodata        0x00000000000040b8       0x2d ./Libraries/seekfree_libraries/zf_spi.o
 *(.rodata*)
 *fill*         0x00000000000040e5        0x3 
 .rodata.tft_ascii
                0x00000000000040e8      0x5f0 ./Libraries/seekfree_peripheral/SEEKFREE_FONT.o
                0x00000000000040e8                tft_ascii
 .rodata.GPION  0x00000000000046d8       0x10 ./Libraries/seekfree_libraries/zf_gpio.o
                0x00000000000046d8                GPION
 .rodata.__func__.3348
                0x00000000000046e8        0xe ./Libraries/seekfree_libraries/zf_spi.o
 *fill*         0x00000000000046f6        0x2 
 .rodata.UARTN  0x00000000000046f8       0x10 ./Libraries/seekfree_libraries/zf_uart.o
                0x00000000000046f8                UARTN
 .rodata.__assert_func.str1.4
                0x0000000000004708       0x3f f:/mrd/mounriver_studio/toolchain/risc-v embedded gcc/bin/../lib/gcc/riscv-none-embed/8.2.0/../../../../riscv-none-embed/lib/rv32imac/ilp32\libg_nano.a(lib_a-assert.o)
                                         0x43 (size before relaxing)
 *fill*         0x0000000000004747        0x1 
 .rodata._vfprintf_r.str1.4
                0x0000000000004748       0x13 f:/mrd/mounriver_studio/toolchain/risc-v embedded gcc/bin/../lib/gcc/riscv-none-embed/8.2.0/../../../../riscv-none-embed/lib/rv32imac/ilp32\libg_nano.a(lib_a-nano-vfprintf.o)
 *fill*         0x000000000000475b        0x1 
 .rodata._printf_i.str1.4
                0x000000000000475c       0x28 f:/mrd/mounriver_studio/toolchain/risc-v embedded gcc/bin/../lib/gcc/riscv-none-embed/8.2.0/../../../../riscv-none-embed/lib/rv32imac/ilp32\libg_nano.a(lib_a-nano-vfprintf_i.o)
                                         0x25 (size before relaxing)
 .rodata.__sf_fake_stderr
                0x0000000000004784       0x20 f:/mrd/mounriver_studio/toolchain/risc-v embedded gcc/bin/../lib/gcc/riscv-none-embed/8.2.0/../../../../riscv-none-embed/lib/rv32imac/ilp32\libg_nano.a(lib_a-findfp.o)
                0x0000000000004784                __sf_fake_stderr
 .rodata.__sf_fake_stdin
                0x00000000000047a4       0x20 f:/mrd/mounriver_studio/toolchain/risc-v embedded gcc/bin/../lib/gcc/riscv-none-embed/8.2.0/../../../../riscv-none-embed/lib/rv32imac/ilp32\libg_nano.a(lib_a-findfp.o)
                0x00000000000047a4                __sf_fake_stdin
 .rodata.__sf_fake_stdout
                0x00000000000047c4       0x20 f:/mrd/mounriver_studio/toolchain/risc-v embedded gcc/bin/../lib/gcc/riscv-none-embed/8.2.0/../../../../riscv-none-embed/lib/rv32imac/ilp32\libg_nano.a(lib_a-findfp.o)
                0x00000000000047c4                __sf_fake_stdout
 *(.glue_7)
 *(.glue_7t)
 *(.gnu.linkonce.t.*)
                0x00000000000047e4                . = ALIGN (0x4)

.rela.dyn       0x00000000000047e4        0x0
 .rela.init     0x00000000000047e4        0x0 ./USER/isr.o
 .rela.vector   0x00000000000047e4        0x0 ./USER/isr.o
 .rela.text.handle_reset
                0x00000000000047e4        0x0 ./USER/isr.o
 .rela.text._vfprintf_r
                0x00000000000047e4        0x0 ./USER/isr.o
 .rela.text._sbrk_r
                0x00000000000047e4        0x0 ./USER/isr.o
 .rela.text._kill_r
                0x00000000000047e4        0x0 ./USER/isr.o
 .rela.text._write_r
                0x00000000000047e4        0x0 ./USER/isr.o
 .rela.text._close_r
                0x00000000000047e4        0x0 ./USER/isr.o
 .rela.text._fstat_r
                0x00000000000047e4        0x0 ./USER/isr.o
 .rela.text._isatty_r
                0x00000000000047e4        0x0 ./USER/isr.o
 .rela.text._lseek_r
                0x00000000000047e4        0x0 ./USER/isr.o
 .rela.text._read_r
                0x00000000000047e4        0x0 ./USER/isr.o
 .rela.text._close
                0x00000000000047e4        0x0 ./USER/isr.o
 .rela.text._fstat
                0x00000000000047e4        0x0 ./USER/isr.o
 .rela.text._getpid
                0x00000000000047e4        0x0 ./USER/isr.o
 .rela.text._isatty
                0x00000000000047e4        0x0 ./USER/isr.o
 .rela.text._kill
                0x00000000000047e4        0x0 ./USER/isr.o
 .rela.text._lseek
                0x00000000000047e4        0x0 ./USER/isr.o
 .rela.text._read
                0x00000000000047e4        0x0 ./USER/isr.o
 .rela.text._sbrk
                0x00000000000047e4        0x0 ./USER/isr.o

.fini           0x00000000000047e4        0x0
 *(SORT_NONE(.fini))
                0x00000000000047e4                . = ALIGN (0x4)
                [!provide]                        PROVIDE (_etext = .)
                [!provide]                        PROVIDE (_eitcm = .)

.preinit_array  0x00000000000047e4        0x0
                [!provide]                        PROVIDE (__preinit_array_start = .)
 *(.preinit_array)
                [!provide]                        PROVIDE (__preinit_array_end = .)

.init_array     0x00000000000047e4        0x0
                [!provide]                        PROVIDE (__init_array_start = .)
 *(SORT_BY_INIT_PRIORITY(.init_array.*) SORT_BY_INIT_PRIORITY(.ctors.*))
 *(.init_array EXCLUDE_FILE(*crtend?.o *crtend.o *crtbegin?.o *crtbegin.o) .ctors)
                [!provide]                        PROVIDE (__init_array_end = .)

.fini_array     0x00000000000047e4        0x0
                [!provide]                        PROVIDE (__fini_array_start = .)
 *(SORT_BY_INIT_PRIORITY(.fini_array.*) SORT_BY_INIT_PRIORITY(.dtors.*))
 *(.fini_array EXCLUDE_FILE(*crtend?.o *crtend.o *crtbegin?.o *crtbegin.o) .dtors)
                [!provide]                        PROVIDE (__fini_array_end = .)

.ctors
 *crtbegin.o(.ctors)
 *crtbegin?.o(.ctors)
 *(EXCLUDE_FILE(*crtend?.o *crtend.o) .ctors)
 *(SORT_BY_NAME(.ctors.*))
 *(.ctors)

.dtors
 *crtbegin.o(.dtors)
 *crtbegin?.o(.dtors)
 *(EXCLUDE_FILE(*crtend?.o *crtend.o) .dtors)
 *(SORT_BY_NAME(.dtors.*))
 *(.dtors)

.dalign         0x0000000020000000        0x0 load address 0x00000000000047e4
                0x0000000020000000                . = ALIGN (0x4)
                0x0000000020000000                PROVIDE (_data_vma = .)

.dlalign        0x00000000000047e4        0x0
                0x00000000000047e4                . = ALIGN (0x4)
                0x00000000000047e4                PROVIDE (_data_lma = .)

.data           0x0000000020000000       0x88 load address 0x00000000000047e4
 *(.gnu.linkonce.r.*)
 *(.data .data.*)
 .data.APBAHBPrescTable
                0x0000000020000000       0x10 ./Libraries/wch_libraries/Peripheral/ch32v10x_rcc.o
 .data.impure_data
                0x0000000020000010       0x60 f:/mrd/mounriver_studio/toolchain/risc-v embedded gcc/bin/../lib/gcc/riscv-none-embed/8.2.0/../../../../riscv-none-embed/lib/rv32imac/ilp32\libg_nano.a(lib_a-impure.o)
 *(.gnu.linkonce.d.*)
                0x0000000020000070                . = ALIGN (0x8)
                0x0000000020000870                PROVIDE (__global_pointer$ = (. + 0x800))
 *(.sdata .sdata.*)
 .sdata.ADCPrescTable
                0x0000000020000070        0x4 ./Libraries/wch_libraries/Peripheral/ch32v10x_rcc.o
 .sdata.camera_type
                0x0000000020000074        0x4 ./Libraries/seekfree_libraries/common.o
                0x0000000020000074                camera_type
 .sdata._impure_ptr
                0x0000000020000078        0x4 f:/mrd/mounriver_studio/toolchain/risc-v embedded gcc/bin/../lib/gcc/riscv-none-embed/8.2.0/../../../../riscv-none-embed/lib/rv32imac/ilp32\libg_nano.a(lib_a-impure.o)
                0x0000000020000078                _impure_ptr
 *(.sdata2.*)
 .sdata2.SPIN   0x000000002000007c        0x8 ./Libraries/seekfree_libraries/zf_spi.o
                0x000000002000007c                SPIN
 .sdata2._global_impure_ptr
                0x0000000020000084        0x4 f:/mrd/mounriver_studio/toolchain/risc-v embedded gcc/bin/../lib/gcc/riscv-none-embed/8.2.0/../../../../riscv-none-embed/lib/rv32imac/ilp32\libg_nano.a(lib_a-impure.o)
                0x0000000020000084                _global_impure_ptr
 *(.gnu.linkonce.s.*)
                0x0000000020000088                . = ALIGN (0x8)
 *(.srodata.cst16)
 *(.srodata.cst8)
 *(.srodata.cst4)
 *(.srodata.cst2)
 *(.srodata .srodata.*)
                0x0000000020000088                . = ALIGN (0x4)
                0x0000000020000088                PROVIDE (_edata = .)

.bss            0x0000000020000088       0x48 load address 0x000000000000486c
                0x0000000020000088                . = ALIGN (0x4)
                0x0000000020000088                PROVIDE (_sbss = .)
 *(.sbss*)
 .sbss.uart_flag
                0x0000000020000088        0x1 ./USER/main.o
                0x0000000020000088                uart_flag
 *fill*         0x0000000020000089        0x1 
 .sbss.slave_encoder_left
                0x000000002000008a        0x2 ./USER/main.o
                0x000000002000008a                slave_encoder_left
 .sbss.slave_encoder_right
                0x000000002000008c        0x2 ./USER/main.o
                0x000000002000008c                slave_encoder_right
 .sbss.slave_position
                0x000000002000008e        0x2 ./USER/main.o
                0x000000002000008e                slave_position
 .sbss.show_flag
                0x0000000020000090        0x1 ./USER/main.o
                0x0000000020000090                show_flag
 .sbss.uart_num.6038
                0x0000000020000091        0x1 ./USER/main.o
 *fill*         0x0000000020000092        0x2 
 .sbss.receive  0x0000000020000094        0x3 ./Libraries/seekfree_peripheral/SEEKFREE_MT9V03X.o
                0x0000000020000094                receive
 .sbss.receive_num
                0x0000000020000097        0x1 ./Libraries/seekfree_peripheral/SEEKFREE_MT9V03X.o
                0x0000000020000097                receive_num
 .sbss.uart_receive_flag
                0x0000000020000098        0x1 ./Libraries/seekfree_peripheral/SEEKFREE_MT9V03X.o
                0x0000000020000098                uart_receive_flag
 .sbss.mt9v03x_finish_flag
                0x0000000020000099        0x1 ./Libraries/seekfree_peripheral/SEEKFREE_MT9V03X.o
                0x0000000020000099                mt9v03x_finish_flag
 *fill*         0x000000002000009a        0x2 
 .sbss.ov7725_uart_receive
                0x000000002000009c        0x3 ./Libraries/seekfree_peripheral/SEEKFREE_UART_7725.o
                0x000000002000009c                ov7725_uart_receive
 .sbss.ov7725_uart_receive_num
                0x000000002000009f        0x1 ./Libraries/seekfree_peripheral/SEEKFREE_UART_7725.o
                0x000000002000009f                ov7725_uart_receive_num
 .sbss.ov7725_uart_receive_flag
                0x00000000200000a0        0x1 ./Libraries/seekfree_peripheral/SEEKFREE_UART_7725.o
                0x00000000200000a0                ov7725_uart_receive_flag
 .sbss.ov7725_uart_finish_flag
                0x00000000200000a1        0x1 ./Libraries/seekfree_peripheral/SEEKFREE_UART_7725.o
                0x00000000200000a1                ov7725_uart_finish_flag
 *fill*         0x00000000200000a2        0x2 
 .sbss.sys_clk  0x00000000200000a4        0x4 ./Libraries/seekfree_libraries/common.o
                0x00000000200000a4                sys_clk
 .sbss.__malloc_free_list
                0x00000000200000a8        0x4 f:/mrd/mounriver_studio/toolchain/risc-v embedded gcc/bin/../lib/gcc/riscv-none-embed/8.2.0/../../../../riscv-none-embed/lib/rv32imac/ilp32\libg_nano.a(lib_a-nano-mallocr.o)
                0x00000000200000a8                __malloc_free_list
 .sbss.__malloc_sbrk_start
                0x00000000200000ac        0x4 f:/mrd/mounriver_studio/toolchain/risc-v embedded gcc/bin/../lib/gcc/riscv-none-embed/8.2.0/../../../../riscv-none-embed/lib/rv32imac/ilp32\libg_nano.a(lib_a-nano-mallocr.o)
                0x00000000200000ac                __malloc_sbrk_start
 .sbss.heap_end.1518
                0x00000000200000b0        0x4 f:/mrd/mounriver_studio/toolchain/risc-v embedded gcc/bin/../lib/gcc/riscv-none-embed/8.2.0/../../../../riscv-none-embed/lib/rv32imac/ilp32\libnosys.a(sbrk.o)
 *(.gnu.linkonce.sb.*)
 *(.bss*)
 .bss.temp_buff
                0x00000000200000b4        0xb ./USER/main.o
                0x00000000200000b4                temp_buff
 *fill*         0x00000000200000bf        0x1 
 .bss.irq_status
                0x00000000200000c0        0xc ./Libraries/seekfree_libraries/common.o
                0x00000000200000c0                irq_status
 *(.gnu.linkonce.b.*)
 *(COMMON*)
 COMMON         0x00000000200000cc        0x4 f:/mrd/mounriver_studio/toolchain/risc-v embedded gcc/bin/../lib/gcc/riscv-none-embed/8.2.0/../../../../riscv-none-embed/lib/rv32imac/ilp32\libg_nano.a(lib_a-reent.o)
                0x00000000200000cc                errno
                0x00000000200000d0                . = ALIGN (0x4)
                0x00000000200000d0                PROVIDE (_ebss = .)
                [!provide]                        PROVIDE (_end = _ebss)
                0x00000000200000d0                PROVIDE (end = .)

.stack          0x0000000020004800      0x800
                0x0000000020004800                . = ALIGN (0x4)
                [!provide]                        PROVIDE (_susrstack = .)
                0x0000000020005000                . = (. + __stack_size)
 *fill*         0x0000000020004800      0x800 
                0x0000000020005000                PROVIDE (_eusrstack = .)
OUTPUT(MASTER.elf elf32-littleriscv)

.debug_info     0x0000000000000000    0x13a3f
 .debug_info    0x0000000000000000     0x16d9 ./USER/isr.o
 .debug_info    0x00000000000016d9     0x19bd ./USER/main.o
 .debug_info    0x0000000000003096       0x22 ./Libraries/wch_libraries/Startup/startup_ch32v10x.o
 .debug_info    0x00000000000030b8      0x476 ./Libraries/wch_libraries/Peripheral/ch32v10x_dma.o
 .debug_info    0x000000000000352e      0x353 ./Libraries/wch_libraries/Peripheral/ch32v10x_exti.o
 .debug_info    0x0000000000003881      0x6e7 ./Libraries/wch_libraries/Peripheral/ch32v10x_gpio.o
 .debug_info    0x0000000000003f68      0x517 ./Libraries/wch_libraries/Peripheral/ch32v10x_misc.o
 .debug_info    0x000000000000447f      0x8d8 ./Libraries/wch_libraries/Peripheral/ch32v10x_rcc.o
 .debug_info    0x0000000000004d57      0x94f ./Libraries/wch_libraries/Peripheral/ch32v10x_spi.o
 .debug_info    0x00000000000056a6     0x1dcc ./Libraries/wch_libraries/Peripheral/ch32v10x_tim.o
 .debug_info    0x0000000000007472      0xa42 ./Libraries/wch_libraries/Peripheral/ch32v10x_usart.o
 .debug_info    0x0000000000007eb4      0xb50 ./Libraries/seekfree_peripheral/SEEKFREE_FONT.o
 .debug_info    0x0000000000008a04     0x1a03 ./Libraries/seekfree_peripheral/SEEKFREE_IPS114_SPI.o
 .debug_info    0x000000000000a407     0x159f ./Libraries/seekfree_peripheral/SEEKFREE_MT9V03X.o
 .debug_info    0x000000000000b9a6     0x1573 ./Libraries/seekfree_peripheral/SEEKFREE_UART_7725.o
 .debug_info    0x000000000000cf19      0xa5b ./Libraries/seekfree_libraries/common.o
 .debug_info    0x000000000000d974     0x118f ./Libraries/seekfree_libraries/zf_gpio.o
 .debug_info    0x000000000000eb03      0xeeb ./Libraries/seekfree_libraries/zf_nvic.o
 .debug_info    0x000000000000f9ee     0x1218 ./Libraries/seekfree_libraries/zf_spi.o
 .debug_info    0x0000000000010c06      0xbae ./Libraries/seekfree_libraries/zf_systick.o
 .debug_info    0x00000000000117b4     0x1339 ./Libraries/seekfree_libraries/zf_uart.o
 .debug_info    0x0000000000012aed      0xcf3 ./Libraries/board/board.o
 .debug_info    0x00000000000137e0      0x25f ./Libraries/board/clock_config.o

.debug_abbrev   0x0000000000000000     0x3191
 .debug_abbrev  0x0000000000000000      0x274 ./USER/isr.o
 .debug_abbrev  0x0000000000000274      0x323 ./USER/main.o
 .debug_abbrev  0x0000000000000597       0x12 ./Libraries/wch_libraries/Startup/startup_ch32v10x.o
 .debug_abbrev  0x00000000000005a9      0x18f ./Libraries/wch_libraries/Peripheral/ch32v10x_dma.o
 .debug_abbrev  0x0000000000000738      0x144 ./Libraries/wch_libraries/Peripheral/ch32v10x_exti.o
 .debug_abbrev  0x000000000000087c      0x1c7 ./Libraries/wch_libraries/Peripheral/ch32v10x_gpio.o
 .debug_abbrev  0x0000000000000a43      0x179 ./Libraries/wch_libraries/Peripheral/ch32v10x_misc.o
 .debug_abbrev  0x0000000000000bbc      0x1ef ./Libraries/wch_libraries/Peripheral/ch32v10x_rcc.o
 .debug_abbrev  0x0000000000000dab      0x19e ./Libraries/wch_libraries/Peripheral/ch32v10x_spi.o
 .debug_abbrev  0x0000000000000f49      0x1c9 ./Libraries/wch_libraries/Peripheral/ch32v10x_tim.o
 .debug_abbrev  0x0000000000001112      0x19e ./Libraries/wch_libraries/Peripheral/ch32v10x_usart.o
 .debug_abbrev  0x00000000000012b0      0x217 ./Libraries/seekfree_peripheral/SEEKFREE_FONT.o
 .debug_abbrev  0x00000000000014c7      0x328 ./Libraries/seekfree_peripheral/SEEKFREE_IPS114_SPI.o
 .debug_abbrev  0x00000000000017ef      0x365 ./Libraries/seekfree_peripheral/SEEKFREE_MT9V03X.o
 .debug_abbrev  0x0000000000001b54      0x392 ./Libraries/seekfree_peripheral/SEEKFREE_UART_7725.o
 .debug_abbrev  0x0000000000001ee6      0x1fa ./Libraries/seekfree_libraries/common.o
 .debug_abbrev  0x00000000000020e0      0x2c2 ./Libraries/seekfree_libraries/zf_gpio.o
 .debug_abbrev  0x00000000000023a2      0x2b8 ./Libraries/seekfree_libraries/zf_nvic.o
 .debug_abbrev  0x000000000000265a      0x293 ./Libraries/seekfree_libraries/zf_spi.o
 .debug_abbrev  0x00000000000028ed      0x257 ./Libraries/seekfree_libraries/zf_systick.o
 .debug_abbrev  0x0000000000002b44      0x2e5 ./Libraries/seekfree_libraries/zf_uart.o
 .debug_abbrev  0x0000000000002e29      0x280 ./Libraries/board/board.o
 .debug_abbrev  0x00000000000030a9       0xe8 ./Libraries/board/clock_config.o

.debug_aranges  0x0000000000000000      0xc28
 .debug_aranges
                0x0000000000000000       0xb0 ./USER/isr.o
 .debug_aranges
                0x00000000000000b0       0x40 ./USER/main.o
 .debug_aranges
                0x00000000000000f0       0x30 ./Libraries/wch_libraries/Startup/startup_ch32v10x.o
 .debug_aranges
                0x0000000000000120       0x70 ./Libraries/wch_libraries/Peripheral/ch32v10x_dma.o
 .debug_aranges
                0x0000000000000190       0x58 ./Libraries/wch_libraries/Peripheral/ch32v10x_exti.o
 .debug_aranges
                0x00000000000001e8       0xa0 ./Libraries/wch_libraries/Peripheral/ch32v10x_gpio.o
 .debug_aranges
                0x0000000000000288       0x40 ./Libraries/wch_libraries/Peripheral/ch32v10x_misc.o
 .debug_aranges
                0x00000000000002c8      0x118 ./Libraries/wch_libraries/Peripheral/ch32v10x_rcc.o
 .debug_aranges
                0x00000000000003e0       0xd0 ./Libraries/wch_libraries/Peripheral/ch32v10x_spi.o
 .debug_aranges
                0x00000000000004b0      0x2f0 ./Libraries/wch_libraries/Peripheral/ch32v10x_tim.o
 .debug_aranges
                0x00000000000007a0      0x100 ./Libraries/wch_libraries/Peripheral/ch32v10x_usart.o
 .debug_aranges
                0x00000000000008a0       0x18 ./Libraries/seekfree_peripheral/SEEKFREE_FONT.o
 .debug_aranges
                0x00000000000008b8       0xc8 ./Libraries/seekfree_peripheral/SEEKFREE_IPS114_SPI.o
 .debug_aranges
                0x0000000000000980       0x80 ./Libraries/seekfree_peripheral/SEEKFREE_MT9V03X.o
 .debug_aranges
                0x0000000000000a00       0x80 ./Libraries/seekfree_peripheral/SEEKFREE_UART_7725.o
 .debug_aranges
                0x0000000000000a80       0x18 ./Libraries/seekfree_libraries/common.o
 .debug_aranges
                0x0000000000000a98       0x40 ./Libraries/seekfree_libraries/zf_gpio.o
 .debug_aranges
                0x0000000000000ad8       0x40 ./Libraries/seekfree_libraries/zf_nvic.o
 .debug_aranges
                0x0000000000000b18       0x30 ./Libraries/seekfree_libraries/zf_spi.o
 .debug_aranges
                0x0000000000000b48       0x30 ./Libraries/seekfree_libraries/zf_systick.o
 .debug_aranges
                0x0000000000000b78       0x60 ./Libraries/seekfree_libraries/zf_uart.o
 .debug_aranges
                0x0000000000000bd8       0x28 ./Libraries/board/board.o
 .debug_aranges
                0x0000000000000c00       0x28 ./Libraries/board/clock_config.o

.debug_ranges   0x0000000000000000      0xab0
 .debug_ranges  0x0000000000000000       0xa0 ./USER/isr.o
 .debug_ranges  0x00000000000000a0       0x30 ./USER/main.o
 .debug_ranges  0x00000000000000d0       0x28 ./Libraries/wch_libraries/Startup/startup_ch32v10x.o
 .debug_ranges  0x00000000000000f8       0x60 ./Libraries/wch_libraries/Peripheral/ch32v10x_dma.o
 .debug_ranges  0x0000000000000158       0x48 ./Libraries/wch_libraries/Peripheral/ch32v10x_exti.o
 .debug_ranges  0x00000000000001a0       0x90 ./Libraries/wch_libraries/Peripheral/ch32v10x_gpio.o
 .debug_ranges  0x0000000000000230       0x30 ./Libraries/wch_libraries/Peripheral/ch32v10x_misc.o
 .debug_ranges  0x0000000000000260      0x108 ./Libraries/wch_libraries/Peripheral/ch32v10x_rcc.o
 .debug_ranges  0x0000000000000368       0xc0 ./Libraries/wch_libraries/Peripheral/ch32v10x_spi.o
 .debug_ranges  0x0000000000000428      0x2e0 ./Libraries/wch_libraries/Peripheral/ch32v10x_tim.o
 .debug_ranges  0x0000000000000708       0xf0 ./Libraries/wch_libraries/Peripheral/ch32v10x_usart.o
 .debug_ranges  0x00000000000007f8       0xb8 ./Libraries/seekfree_peripheral/SEEKFREE_IPS114_SPI.o
 .debug_ranges  0x00000000000008b0       0x70 ./Libraries/seekfree_peripheral/SEEKFREE_MT9V03X.o
 .debug_ranges  0x0000000000000920       0x70 ./Libraries/seekfree_peripheral/SEEKFREE_UART_7725.o
 .debug_ranges  0x0000000000000990       0x30 ./Libraries/seekfree_libraries/zf_gpio.o
 .debug_ranges  0x00000000000009c0       0x30 ./Libraries/seekfree_libraries/zf_nvic.o
 .debug_ranges  0x00000000000009f0       0x20 ./Libraries/seekfree_libraries/zf_spi.o
 .debug_ranges  0x0000000000000a10       0x20 ./Libraries/seekfree_libraries/zf_systick.o
 .debug_ranges  0x0000000000000a30       0x50 ./Libraries/seekfree_libraries/zf_uart.o
 .debug_ranges  0x0000000000000a80       0x18 ./Libraries/board/board.o
 .debug_ranges  0x0000000000000a98       0x18 ./Libraries/board/clock_config.o

.debug_line     0x0000000000000000     0xb6b5
 .debug_line    0x0000000000000000      0x786 ./USER/isr.o
 .debug_line    0x0000000000000786      0x682 ./USER/main.o
 .debug_line    0x0000000000000e08      0x225 ./Libraries/wch_libraries/Startup/startup_ch32v10x.o
 .debug_line    0x000000000000102d      0x6a0 ./Libraries/wch_libraries/Peripheral/ch32v10x_dma.o
 .debug_line    0x00000000000016cd      0x4de ./Libraries/wch_libraries/Peripheral/ch32v10x_exti.o
 .debug_line    0x0000000000001bab      0x970 ./Libraries/wch_libraries/Peripheral/ch32v10x_gpio.o
 .debug_line    0x000000000000251b      0x391 ./Libraries/wch_libraries/Peripheral/ch32v10x_misc.o
 .debug_line    0x00000000000028ac      0xca6 ./Libraries/wch_libraries/Peripheral/ch32v10x_rcc.o
 .debug_line    0x0000000000003552      0x9f4 ./Libraries/wch_libraries/Peripheral/ch32v10x_spi.o
 .debug_line    0x0000000000003f46     0x1f50 ./Libraries/wch_libraries/Peripheral/ch32v10x_tim.o
 .debug_line    0x0000000000005e96      0xbd4 ./Libraries/wch_libraries/Peripheral/ch32v10x_usart.o
 .debug_line    0x0000000000006a6a      0x1c6 ./Libraries/seekfree_peripheral/SEEKFREE_FONT.o
 .debug_line    0x0000000000006c30     0x1490 ./Libraries/seekfree_peripheral/SEEKFREE_IPS114_SPI.o
 .debug_line    0x00000000000080c0      0x9ca ./Libraries/seekfree_peripheral/SEEKFREE_MT9V03X.o
 .debug_line    0x0000000000008a8a      0x9ba ./Libraries/seekfree_peripheral/SEEKFREE_UART_7725.o
 .debug_line    0x0000000000009444      0x18b ./Libraries/seekfree_libraries/common.o
 .debug_line    0x00000000000095cf      0x62b ./Libraries/seekfree_libraries/zf_gpio.o
 .debug_line    0x0000000000009bfa      0x449 ./Libraries/seekfree_libraries/zf_nvic.o
 .debug_line    0x000000000000a043      0x5a6 ./Libraries/seekfree_libraries/zf_spi.o
 .debug_line    0x000000000000a5e9      0x3ae ./Libraries/seekfree_libraries/zf_systick.o
 .debug_line    0x000000000000a997      0x66c ./Libraries/seekfree_libraries/zf_uart.o
 .debug_line    0x000000000000b003      0x380 ./Libraries/board/board.o
 .debug_line    0x000000000000b383      0x332 ./Libraries/board/clock_config.o

.debug_str      0x0000000000000000     0x3e80
 .debug_str     0x0000000000000000      0xeb1 ./USER/isr.o
                                        0xf8d (size before relaxing)
 .debug_str     0x0000000000000eb1      0x44f ./USER/main.o
                                       0x11bb (size before relaxing)
 .debug_str     0x0000000000001300       0x42 ./Libraries/wch_libraries/Startup/startup_ch32v10x.o
                                         0x94 (size before relaxing)
 .debug_str     0x0000000000001342      0x23d ./Libraries/wch_libraries/Peripheral/ch32v10x_dma.o
                                        0x424 (size before relaxing)
 .debug_str     0x000000000000157f      0x1cf ./Libraries/wch_libraries/Peripheral/ch32v10x_exti.o
                                        0x3be (size before relaxing)
 .debug_str     0x000000000000174e      0x357 ./Libraries/wch_libraries/Peripheral/ch32v10x_gpio.o
                                        0x555 (size before relaxing)
 .debug_str     0x0000000000001aa5      0x17e ./Libraries/wch_libraries/Peripheral/ch32v10x_misc.o
                                        0x5f2 (size before relaxing)
 .debug_str     0x0000000000001c23      0x45e ./Libraries/wch_libraries/Peripheral/ch32v10x_rcc.o
                                        0x696 (size before relaxing)
 .debug_str     0x0000000000002081      0x35c ./Libraries/wch_libraries/Peripheral/ch32v10x_spi.o
                                        0x671 (size before relaxing)
 .debug_str     0x00000000000023dd      0xabc ./Libraries/wch_libraries/Peripheral/ch32v10x_tim.o
                                        0xe7e (size before relaxing)
 .debug_str     0x0000000000002e99      0x409 ./Libraries/wch_libraries/Peripheral/ch32v10x_usart.o
                                        0x708 (size before relaxing)
 .debug_str     0x00000000000032a2       0x31 ./Libraries/seekfree_peripheral/SEEKFREE_FONT.o
                                        0x713 (size before relaxing)
 .debug_str     0x00000000000032d3      0x36e ./Libraries/seekfree_peripheral/SEEKFREE_IPS114_SPI.o
                                        0xb30 (size before relaxing)
 .debug_str     0x0000000000003641      0x150 ./Libraries/seekfree_peripheral/SEEKFREE_MT9V03X.o
                                        0xd45 (size before relaxing)
 .debug_str     0x0000000000003791      0x280 ./Libraries/seekfree_peripheral/SEEKFREE_UART_7725.o
                                        0xde2 (size before relaxing)
 .debug_str     0x0000000000003a11       0x29 ./Libraries/seekfree_libraries/common.o
                                        0x6c4 (size before relaxing)
 .debug_str     0x0000000000003a3a       0xbc ./Libraries/seekfree_libraries/zf_gpio.o
                                        0x9dc (size before relaxing)
 .debug_str     0x0000000000003af6       0xac ./Libraries/seekfree_libraries/zf_nvic.o
                                        0xb07 (size before relaxing)
 .debug_str     0x0000000000003ba2       0xbb ./Libraries/seekfree_libraries/zf_spi.o
                                        0xa49 (size before relaxing)
 .debug_str     0x0000000000003c5d       0xd4 ./Libraries/seekfree_libraries/zf_systick.o
                                        0x79f (size before relaxing)
 .debug_str     0x0000000000003d31       0xc3 ./Libraries/seekfree_libraries/zf_uart.o
                                        0xbf9 (size before relaxing)
 .debug_str     0x0000000000003df4       0x26 ./Libraries/board/board.o
                                        0x85a (size before relaxing)
 .debug_str     0x0000000000003e1a       0x66 ./Libraries/board/clock_config.o
                                        0x2b6 (size before relaxing)

.comment        0x0000000000000000       0x33
 .comment       0x0000000000000000       0x33 ./USER/isr.o
                                         0x34 (size before relaxing)
 .comment       0x0000000000000033       0x34 ./USER/main.o
 .comment       0x0000000000000033       0x34 ./Libraries/wch_libraries/Peripheral/ch32v10x_dma.o
 .comment       0x0000000000000033       0x34 ./Libraries/wch_libraries/Peripheral/ch32v10x_exti.o
 .comment       0x0000000000000033       0x34 ./Libraries/wch_libraries/Peripheral/ch32v10x_gpio.o
 .comment       0x0000000000000033       0x34 ./Libraries/wch_libraries/Peripheral/ch32v10x_misc.o
 .comment       0x0000000000000033       0x34 ./Libraries/wch_libraries/Peripheral/ch32v10x_rcc.o
 .comment       0x0000000000000033       0x34 ./Libraries/wch_libraries/Peripheral/ch32v10x_spi.o
 .comment       0x0000000000000033       0x34 ./Libraries/wch_libraries/Peripheral/ch32v10x_tim.o
 .comment       0x0000000000000033       0x34 ./Libraries/wch_libraries/Peripheral/ch32v10x_usart.o
 .comment       0x0000000000000033       0x34 ./Libraries/seekfree_peripheral/SEEKFREE_FONT.o
 .comment       0x0000000000000033       0x34 ./Libraries/seekfree_peripheral/SEEKFREE_IPS114_SPI.o
 .comment       0x0000000000000033       0x34 ./Libraries/seekfree_peripheral/SEEKFREE_MT9V03X.o
 .comment       0x0000000000000033       0x34 ./Libraries/seekfree_peripheral/SEEKFREE_UART_7725.o
 .comment       0x0000000000000033       0x34 ./Libraries/seekfree_libraries/common.o
 .comment       0x0000000000000033       0x34 ./Libraries/seekfree_libraries/zf_gpio.o
 .comment       0x0000000000000033       0x34 ./Libraries/seekfree_libraries/zf_nvic.o
 .comment       0x0000000000000033       0x34 ./Libraries/seekfree_libraries/zf_spi.o
 .comment       0x0000000000000033       0x34 ./Libraries/seekfree_libraries/zf_systick.o
 .comment       0x0000000000000033       0x34 ./Libraries/seekfree_libraries/zf_uart.o
 .comment       0x0000000000000033       0x34 ./Libraries/board/board.o
 .comment       0x0000000000000033       0x34 ./Libraries/board/clock_config.o

.debug_frame    0x0000000000000000     0x35bc
 .debug_frame   0x0000000000000000      0x26c ./USER/isr.o
 .debug_frame   0x000000000000026c       0xac ./USER/main.o
 .debug_frame   0x0000000000000318      0x174 ./Libraries/wch_libraries/Peripheral/ch32v10x_dma.o
 .debug_frame   0x000000000000048c      0x114 ./Libraries/wch_libraries/Peripheral/ch32v10x_exti.o
 .debug_frame   0x00000000000005a0      0x244 ./Libraries/wch_libraries/Peripheral/ch32v10x_gpio.o
 .debug_frame   0x00000000000007e4       0xb4 ./Libraries/wch_libraries/Peripheral/ch32v10x_misc.o
 .debug_frame   0x0000000000000898      0x418 ./Libraries/wch_libraries/Peripheral/ch32v10x_rcc.o
 .debug_frame   0x0000000000000cb0      0x2fc ./Libraries/wch_libraries/Peripheral/ch32v10x_spi.o
 .debug_frame   0x0000000000000fac      0xbb4 ./Libraries/wch_libraries/Peripheral/ch32v10x_tim.o
 .debug_frame   0x0000000000001b60      0x3bc ./Libraries/wch_libraries/Peripheral/ch32v10x_usart.o
 .debug_frame   0x0000000000001f1c      0x370 ./Libraries/seekfree_peripheral/SEEKFREE_IPS114_SPI.o
 .debug_frame   0x000000000000228c      0x1ec ./Libraries/seekfree_peripheral/SEEKFREE_MT9V03X.o
 .debug_frame   0x0000000000002478      0x214 ./Libraries/seekfree_peripheral/SEEKFREE_UART_7725.o
 .debug_frame   0x000000000000268c       0xbc ./Libraries/seekfree_libraries/zf_gpio.o
 .debug_frame   0x0000000000002748       0xbc ./Libraries/seekfree_libraries/zf_nvic.o
 .debug_frame   0x0000000000002804       0x80 ./Libraries/seekfree_libraries/zf_spi.o
 .debug_frame   0x0000000000002884       0x70 ./Libraries/seekfree_libraries/zf_systick.o
 .debug_frame   0x00000000000028f4      0x150 ./Libraries/seekfree_libraries/zf_uart.o
 .debug_frame   0x0000000000002a44       0x58 ./Libraries/board/board.o
 .debug_frame   0x0000000000002a9c       0x58 ./Libraries/board/clock_config.o
 .debug_frame   0x0000000000002af4       0x40 f:/mrd/mounriver_studio/toolchain/risc-v embedded gcc/bin/../lib/gcc/riscv-none-embed/8.2.0/../../../../riscv-none-embed/lib/rv32imac/ilp32\libg_nano.a(lib_a-assert.o)
 .debug_frame   0x0000000000002b34       0x48 f:/mrd/mounriver_studio/toolchain/risc-v embedded gcc/bin/../lib/gcc/riscv-none-embed/8.2.0/../../../../riscv-none-embed/lib/rv32imac/ilp32\libg_nano.a(lib_a-fprintf.o)
 .debug_frame   0x0000000000002b7c       0xd0 f:/mrd/mounriver_studio/toolchain/risc-v embedded gcc/bin/../lib/gcc/riscv-none-embed/8.2.0/../../../../riscv-none-embed/lib/rv32imac/ilp32\libg_nano.a(lib_a-nano-vfprintf.o)
 .debug_frame   0x0000000000002c4c       0x8c f:/mrd/mounriver_studio/toolchain/risc-v embedded gcc/bin/../lib/gcc/riscv-none-embed/8.2.0/../../../../riscv-none-embed/lib/rv32imac/ilp32\libg_nano.a(lib_a-nano-vfprintf_i.o)
 .debug_frame   0x0000000000002cd8       0x50 f:/mrd/mounriver_studio/toolchain/risc-v embedded gcc/bin/../lib/gcc/riscv-none-embed/8.2.0/../../../../riscv-none-embed/lib/rv32imac/ilp32\libg_nano.a(lib_a-wbuf.o)
 .debug_frame   0x0000000000002d28       0x3c f:/mrd/mounriver_studio/toolchain/risc-v embedded gcc/bin/../lib/gcc/riscv-none-embed/8.2.0/../../../../riscv-none-embed/lib/rv32imac/ilp32\libg_nano.a(lib_a-wsetup.o)
 .debug_frame   0x0000000000002d64       0x28 f:/mrd/mounriver_studio/toolchain/risc-v embedded gcc/bin/../lib/gcc/riscv-none-embed/8.2.0/../../../../riscv-none-embed/lib/rv32imac/ilp32\libg_nano.a(lib_a-abort.o)
 .debug_frame   0x0000000000002d8c       0x7c f:/mrd/mounriver_studio/toolchain/risc-v embedded gcc/bin/../lib/gcc/riscv-none-embed/8.2.0/../../../../riscv-none-embed/lib/rv32imac/ilp32\libg_nano.a(lib_a-fflush.o)
 .debug_frame   0x0000000000002e08      0x148 f:/mrd/mounriver_studio/toolchain/risc-v embedded gcc/bin/../lib/gcc/riscv-none-embed/8.2.0/../../../../riscv-none-embed/lib/rv32imac/ilp32\libg_nano.a(lib_a-findfp.o)
 .debug_frame   0x0000000000002f50       0x88 f:/mrd/mounriver_studio/toolchain/risc-v embedded gcc/bin/../lib/gcc/riscv-none-embed/8.2.0/../../../../riscv-none-embed/lib/rv32imac/ilp32\libg_nano.a(lib_a-fwalk.o)
 .debug_frame   0x0000000000002fd8       0x64 f:/mrd/mounriver_studio/toolchain/risc-v embedded gcc/bin/../lib/gcc/riscv-none-embed/8.2.0/../../../../riscv-none-embed/lib/rv32imac/ilp32\libg_nano.a(lib_a-makebuf.o)
 .debug_frame   0x000000000000303c       0x20 f:/mrd/mounriver_studio/toolchain/risc-v embedded gcc/bin/../lib/gcc/riscv-none-embed/8.2.0/../../../../riscv-none-embed/lib/rv32imac/ilp32\libg_nano.a(lib_a-memchr.o)
 .debug_frame   0x000000000000305c       0x40 f:/mrd/mounriver_studio/toolchain/risc-v embedded gcc/bin/../lib/gcc/riscv-none-embed/8.2.0/../../../../riscv-none-embed/lib/rv32imac/ilp32\libg_nano.a(lib_a-nano-freer.o)
 .debug_frame   0x000000000000309c       0x40 f:/mrd/mounriver_studio/toolchain/risc-v embedded gcc/bin/../lib/gcc/riscv-none-embed/8.2.0/../../../../riscv-none-embed/lib/rv32imac/ilp32\libg_nano.a(lib_a-nano-mallocr.o)
 .debug_frame   0x00000000000030dc       0x30 f:/mrd/mounriver_studio/toolchain/risc-v embedded gcc/bin/../lib/gcc/riscv-none-embed/8.2.0/../../../../riscv-none-embed/lib/rv32imac/ilp32\libg_nano.a(lib_a-sbrkr.o)
 .debug_frame   0x000000000000310c       0xec f:/mrd/mounriver_studio/toolchain/risc-v embedded gcc/bin/../lib/gcc/riscv-none-embed/8.2.0/../../../../riscv-none-embed/lib/rv32imac/ilp32\libg_nano.a(lib_a-signal.o)
 .debug_frame   0x00000000000031f8       0x40 f:/mrd/mounriver_studio/toolchain/risc-v embedded gcc/bin/../lib/gcc/riscv-none-embed/8.2.0/../../../../riscv-none-embed/lib/rv32imac/ilp32\libg_nano.a(lib_a-signalr.o)
 .debug_frame   0x0000000000003238       0xa4 f:/mrd/mounriver_studio/toolchain/risc-v embedded gcc/bin/../lib/gcc/riscv-none-embed/8.2.0/../../../../riscv-none-embed/lib/rv32imac/ilp32\libg_nano.a(lib_a-stdio.o)
 .debug_frame   0x00000000000032dc       0x30 f:/mrd/mounriver_studio/toolchain/risc-v embedded gcc/bin/../lib/gcc/riscv-none-embed/8.2.0/../../../../riscv-none-embed/lib/rv32imac/ilp32\libg_nano.a(lib_a-writer.o)
 .debug_frame   0x000000000000330c       0x30 f:/mrd/mounriver_studio/toolchain/risc-v embedded gcc/bin/../lib/gcc/riscv-none-embed/8.2.0/../../../../riscv-none-embed/lib/rv32imac/ilp32\libg_nano.a(lib_a-closer.o)
 .debug_frame   0x000000000000333c       0x30 f:/mrd/mounriver_studio/toolchain/risc-v embedded gcc/bin/../lib/gcc/riscv-none-embed/8.2.0/../../../../riscv-none-embed/lib/rv32imac/ilp32\libg_nano.a(lib_a-fstatr.o)
 .debug_frame   0x000000000000336c       0x30 f:/mrd/mounriver_studio/toolchain/risc-v embedded gcc/bin/../lib/gcc/riscv-none-embed/8.2.0/../../../../riscv-none-embed/lib/rv32imac/ilp32\libg_nano.a(lib_a-isattyr.o)
 .debug_frame   0x000000000000339c       0x30 f:/mrd/mounriver_studio/toolchain/risc-v embedded gcc/bin/../lib/gcc/riscv-none-embed/8.2.0/../../../../riscv-none-embed/lib/rv32imac/ilp32\libg_nano.a(lib_a-lseekr.o)
 .debug_frame   0x00000000000033cc       0x30 f:/mrd/mounriver_studio/toolchain/risc-v embedded gcc/bin/../lib/gcc/riscv-none-embed/8.2.0/../../../../riscv-none-embed/lib/rv32imac/ilp32\libg_nano.a(lib_a-mlock.o)
 .debug_frame   0x00000000000033fc       0x30 f:/mrd/mounriver_studio/toolchain/risc-v embedded gcc/bin/../lib/gcc/riscv-none-embed/8.2.0/../../../../riscv-none-embed/lib/rv32imac/ilp32\libg_nano.a(lib_a-readr.o)
 .debug_frame   0x000000000000342c       0x70 f:/mrd/mounriver_studio/toolchain/risc-v embedded gcc/bin/../lib/gcc/riscv-none-embed/8.2.0/../../../../riscv-none-embed/lib/rv32imac/ilp32\libg_nano.a(lib_a-reent.o)
 .debug_frame   0x000000000000349c       0x20 f:/mrd/mounriver_studio/toolchain/risc-v embedded gcc/bin/../lib/gcc/riscv-none-embed/8.2.0/../../../../riscv-none-embed/lib/rv32imac/ilp32\libnosys.a(close.o)
 .debug_frame   0x00000000000034bc       0x20 f:/mrd/mounriver_studio/toolchain/risc-v embedded gcc/bin/../lib/gcc/riscv-none-embed/8.2.0/../../../../riscv-none-embed/lib/rv32imac/ilp32\libnosys.a(fstat.o)
 .debug_frame   0x00000000000034dc       0x20 f:/mrd/mounriver_studio/toolchain/risc-v embedded gcc/bin/../lib/gcc/riscv-none-embed/8.2.0/../../../../riscv-none-embed/lib/rv32imac/ilp32\libnosys.a(getpid.o)
 .debug_frame   0x00000000000034fc       0x20 f:/mrd/mounriver_studio/toolchain/risc-v embedded gcc/bin/../lib/gcc/riscv-none-embed/8.2.0/../../../../riscv-none-embed/lib/rv32imac/ilp32\libnosys.a(isatty.o)
 .debug_frame   0x000000000000351c       0x20 f:/mrd/mounriver_studio/toolchain/risc-v embedded gcc/bin/../lib/gcc/riscv-none-embed/8.2.0/../../../../riscv-none-embed/lib/rv32imac/ilp32\libnosys.a(kill.o)
 .debug_frame   0x000000000000353c       0x20 f:/mrd/mounriver_studio/toolchain/risc-v embedded gcc/bin/../lib/gcc/riscv-none-embed/8.2.0/../../../../riscv-none-embed/lib/rv32imac/ilp32\libnosys.a(lseek.o)
 .debug_frame   0x000000000000355c       0x20 f:/mrd/mounriver_studio/toolchain/risc-v embedded gcc/bin/../lib/gcc/riscv-none-embed/8.2.0/../../../../riscv-none-embed/lib/rv32imac/ilp32\libnosys.a(read.o)
 .debug_frame   0x000000000000357c       0x20 f:/mrd/mounriver_studio/toolchain/risc-v embedded gcc/bin/../lib/gcc/riscv-none-embed/8.2.0/../../../../riscv-none-embed/lib/rv32imac/ilp32\libnosys.a(sbrk.o)
 .debug_frame   0x000000000000359c       0x20 f:/mrd/mounriver_studio/toolchain/risc-v embedded gcc/bin/../lib/gcc/riscv-none-embed/8.2.0/../../../../riscv-none-embed/lib/rv32imac/ilp32\libnosys.a(_exit.o)

.stab           0x0000000000000000       0xb4
 .stab          0x0000000000000000       0x24 f:/mrd/mounriver_studio/toolchain/risc-v embedded gcc/bin/../lib/gcc/riscv-none-embed/8.2.0/../../../../riscv-none-embed/lib/rv32imac/ilp32\libnosys.a(close.o)
 .stab          0x0000000000000024       0x18 f:/mrd/mounriver_studio/toolchain/risc-v embedded gcc/bin/../lib/gcc/riscv-none-embed/8.2.0/../../../../riscv-none-embed/lib/rv32imac/ilp32\libnosys.a(fstat.o)
                                         0x24 (size before relaxing)
 .stab          0x000000000000003c       0x18 f:/mrd/mounriver_studio/toolchain/risc-v embedded gcc/bin/../lib/gcc/riscv-none-embed/8.2.0/../../../../riscv-none-embed/lib/rv32imac/ilp32\libnosys.a(getpid.o)
                                         0x24 (size before relaxing)
 .stab          0x0000000000000054       0x18 f:/mrd/mounriver_studio/toolchain/risc-v embedded gcc/bin/../lib/gcc/riscv-none-embed/8.2.0/../../../../riscv-none-embed/lib/rv32imac/ilp32\libnosys.a(isatty.o)
                                         0x24 (size before relaxing)
 .stab          0x000000000000006c       0x18 f:/mrd/mounriver_studio/toolchain/risc-v embedded gcc/bin/../lib/gcc/riscv-none-embed/8.2.0/../../../../riscv-none-embed/lib/rv32imac/ilp32\libnosys.a(kill.o)
                                         0x24 (size before relaxing)
 .stab          0x0000000000000084       0x18 f:/mrd/mounriver_studio/toolchain/risc-v embedded gcc/bin/../lib/gcc/riscv-none-embed/8.2.0/../../../../riscv-none-embed/lib/rv32imac/ilp32\libnosys.a(lseek.o)
                                         0x24 (size before relaxing)
 .stab          0x000000000000009c       0x18 f:/mrd/mounriver_studio/toolchain/risc-v embedded gcc/bin/../lib/gcc/riscv-none-embed/8.2.0/../../../../riscv-none-embed/lib/rv32imac/ilp32\libnosys.a(read.o)
                                         0x24 (size before relaxing)

.stabstr        0x0000000000000000      0x183
 .stabstr       0x0000000000000000      0x183 f:/mrd/mounriver_studio/toolchain/risc-v embedded gcc/bin/../lib/gcc/riscv-none-embed/8.2.0/../../../../riscv-none-embed/lib/rv32imac/ilp32\libnosys.a(close.o)
