Archive member included to satisfy reference by file (symbol)

f:/mrd/mounriver_studio/toolchain/risc-v embedded gcc/bin/../lib/gcc/riscv-none-embed/8.2.0/rv32imac/ilp32\libgcc.a(eqdf2.o)
                              ./Libraries/seekfree_peripheral/SEEKFREE_PRINTF.o (__nedf2)
f:/mrd/mounriver_studio/toolchain/risc-v embedded gcc/bin/../lib/gcc/riscv-none-embed/8.2.0/rv32imac/ilp32\libgcc.a(ledf2.o)
                              ./Libraries/seekfree_peripheral/SEEKFREE_18TFT.o (__ltdf2)
f:/mrd/mounriver_studio/toolchain/risc-v embedded gcc/bin/../lib/gcc/riscv-none-embed/8.2.0/rv32imac/ilp32\libgcc.a(muldf3.o)
                              ./Libraries/seekfree_peripheral/SEEKFREE_PRINTF.o (__muldf3)
f:/mrd/mounriver_studio/toolchain/risc-v embedded gcc/bin/../lib/gcc/riscv-none-embed/8.2.0/rv32imac/ilp32\libgcc.a(subdf3.o)
                              ./Libraries/seekfree_peripheral/SEEKFREE_PRINTF.o (__subdf3)
f:/mrd/mounriver_studio/toolchain/risc-v embedded gcc/bin/../lib/gcc/riscv-none-embed/8.2.0/rv32imac/ilp32\libgcc.a(fixdfsi.o)
                              ./Libraries/seekfree_peripheral/SEEKFREE_PRINTF.o (__fixdfsi)
f:/mrd/mounriver_studio/toolchain/risc-v embedded gcc/bin/../lib/gcc/riscv-none-embed/8.2.0/rv32imac/ilp32\libgcc.a(floatsidf.o)
                              ./Libraries/seekfree_peripheral/SEEKFREE_PRINTF.o (__floatsidf)
f:/mrd/mounriver_studio/toolchain/risc-v embedded gcc/bin/../lib/gcc/riscv-none-embed/8.2.0/rv32imac/ilp32\libgcc.a(_clzsi2.o)
                              f:/mrd/mounriver_studio/toolchain/risc-v embedded gcc/bin/../lib/gcc/riscv-none-embed/8.2.0/rv32imac/ilp32\libgcc.a(muldf3.o) (__clzsi2)
f:/mrd/mounriver_studio/toolchain/risc-v embedded gcc/bin/../lib/gcc/riscv-none-embed/8.2.0/rv32imac/ilp32\libgcc.a(_clz.o)
                              f:/mrd/mounriver_studio/toolchain/risc-v embedded gcc/bin/../lib/gcc/riscv-none-embed/8.2.0/rv32imac/ilp32\libgcc.a(_clzsi2.o) (__clz_tab)
f:/mrd/mounriver_studio/toolchain/risc-v embedded gcc/bin/../lib/gcc/riscv-none-embed/8.2.0/../../../../riscv-none-embed/lib/rv32imac/ilp32\libg_nano.a(lib_a-assert.o)
                              ./Libraries/seekfree_peripheral/SEEKFREE_18TFT.o (__assert_func)
f:/mrd/mounriver_studio/toolchain/risc-v embedded gcc/bin/../lib/gcc/riscv-none-embed/8.2.0/../../../../riscv-none-embed/lib/rv32imac/ilp32\libg_nano.a(lib_a-fprintf.o)
                              f:/mrd/mounriver_studio/toolchain/risc-v embedded gcc/bin/../lib/gcc/riscv-none-embed/8.2.0/../../../../riscv-none-embed/lib/rv32imac/ilp32\libg_nano.a(lib_a-assert.o) (fiprintf)
f:/mrd/mounriver_studio/toolchain/risc-v embedded gcc/bin/../lib/gcc/riscv-none-embed/8.2.0/../../../../riscv-none-embed/lib/rv32imac/ilp32\libg_nano.a(lib_a-impure.o)
                              f:/mrd/mounriver_studio/toolchain/risc-v embedded gcc/bin/../lib/gcc/riscv-none-embed/8.2.0/../../../../riscv-none-embed/lib/rv32imac/ilp32\libg_nano.a(lib_a-assert.o) (_impure_ptr)
f:/mrd/mounriver_studio/toolchain/risc-v embedded gcc/bin/../lib/gcc/riscv-none-embed/8.2.0/../../../../riscv-none-embed/lib/rv32imac/ilp32\libg_nano.a(lib_a-memcpy.o)
                              ./Libraries/seekfree_peripheral/SEEKFREE_PRINTF.o (memcpy)
f:/mrd/mounriver_studio/toolchain/risc-v embedded gcc/bin/../lib/gcc/riscv-none-embed/8.2.0/../../../../riscv-none-embed/lib/rv32imac/ilp32\libg_nano.a(lib_a-nano-vfprintf.o)
                              f:/mrd/mounriver_studio/toolchain/risc-v embedded gcc/bin/../lib/gcc/riscv-none-embed/8.2.0/../../../../riscv-none-embed/lib/rv32imac/ilp32\libg_nano.a(lib_a-fprintf.o) (_vfprintf_r)
f:/mrd/mounriver_studio/toolchain/risc-v embedded gcc/bin/../lib/gcc/riscv-none-embed/8.2.0/../../../../riscv-none-embed/lib/rv32imac/ilp32\libg_nano.a(lib_a-nano-vfprintf_i.o)
                              f:/mrd/mounriver_studio/toolchain/risc-v embedded gcc/bin/../lib/gcc/riscv-none-embed/8.2.0/../../../../riscv-none-embed/lib/rv32imac/ilp32\libg_nano.a(lib_a-nano-vfprintf.o) (_printf_i)
f:/mrd/mounriver_studio/toolchain/risc-v embedded gcc/bin/../lib/gcc/riscv-none-embed/8.2.0/../../../../riscv-none-embed/lib/rv32imac/ilp32\libg_nano.a(lib_a-sprintf.o)
                              ./CODE/Open_loop.o (sprintf)
f:/mrd/mounriver_studio/toolchain/risc-v embedded gcc/bin/../lib/gcc/riscv-none-embed/8.2.0/../../../../riscv-none-embed/lib/rv32imac/ilp32\libg_nano.a(lib_a-wbuf.o)
                              f:/mrd/mounriver_studio/toolchain/risc-v embedded gcc/bin/../lib/gcc/riscv-none-embed/8.2.0/../../../../riscv-none-embed/lib/rv32imac/ilp32\libg_nano.a(lib_a-nano-vfprintf.o) (__swbuf_r)
f:/mrd/mounriver_studio/toolchain/risc-v embedded gcc/bin/../lib/gcc/riscv-none-embed/8.2.0/../../../../riscv-none-embed/lib/rv32imac/ilp32\libg_nano.a(lib_a-wsetup.o)
[...]
Memory Configuration

Name             Origin             Length             Attributes
FLASH            0x0000000000000000 0x0000000000010000 xr
RAM              0x0000000020000000 0x0000000000005000 xrw
*default*        0x0000000000000000 0xffffffffffffffff

Linker script and memory map

LOAD ./USER/isr.o
LOAD ./USER/main.o
LOAD ./Libraries/wch_libraries/Startup/startup_ch32v10x.o
LOAD ./Libraries/wch_libraries/Peripheral/ch32v10x_adc.o
LOAD ./Libraries/wch_libraries/Peripheral/ch32v10x_bkp.o
LOAD ./Libraries/wch_libraries/Peripheral/ch32v10x_crc.o
LOAD ./Libraries/wch_libraries/Peripheral/ch32v10x_dbgmcu.o
LOAD ./Libraries/wch_libraries/Peripheral/ch32v10x_dma.o
LOAD ./Libraries/wch_libraries/Peripheral/ch32v10x_exti.o
LOAD ./Libraries/wch_libraries/Peripheral/ch32v10x_flash.o
LOAD ./Libraries/wch_libraries/Peripheral/ch32v10x_gpio.o
LOAD ./Libraries/wch_libraries/Peripheral/ch32v10x_i2c.o
LOAD ./Libraries/wch_libraries/Peripheral/ch32v10x_iwdg.o
LOAD ./Libraries/wch_libraries/Peripheral/ch32v10x_misc.o
LOAD ./Libraries/wch_libraries/Peripheral/ch32v10x_pwr.o
LOAD ./Libraries/wch_libraries/Peripheral/ch32v10x_rcc.o
LOAD ./Libraries/wch_libraries/Peripheral/ch32v10x_rtc.o
LOAD ./Libraries/wch_libraries/Peripheral/ch32v10x_spi.o
LOAD ./Libraries/wch_libraries/Peripheral/ch32v10x_tim.o
LOAD ./Libraries/wch_libraries/Peripheral/ch32v10x_usart.o
LOAD ./Libraries/wch_libraries/Peripheral/ch32v10x_usb.o
LOAD ./Libraries/wch_libraries/Peripheral/ch32v10x_usb_host.o
LOAD ./Libraries/wch_libraries/Peripheral/ch32v10x_wwdg.o
LOAD ./Libraries/wch_libraries/Core/core_riscv.o
LOAD ./Libraries/seekfree_peripheral/SEEKFREE_18TFT.o
LOAD ./Libraries/seekfree_peripheral/SEEKFREE_ABSOLUTE_ENCODER.o
LOAD ./Libraries/seekfree_peripheral/SEEKFREE_FONT.o
LOAD ./Libraries/seekfree_peripheral/SEEKFREE_ICM20602.o
LOAD ./Libraries/seekfree_peripheral/SEEKFREE_IIC.o
LOAD ./Libraries/seekfree_peripheral/SEEKFREE_IPS114_SPI.o
LOAD ./Libraries/seekfree_peripheral/SEEKFREE_MPU6050.o
LOAD ./Libraries/seekfree_peripheral/SEEKFREE_MT9V03X.o
LOAD ./Libraries/seekfree_peripheral/SEEKFREE_OLED.o
LOAD ./Libraries/seekfree_peripheral/SEEKFREE_PRINTF.o
LOAD ./Libraries/seekfree_peripheral/SEEKFREE_TSL1401.o
LOAD ./Libraries/seekfree_peripheral/SEEKFREE_UART_7725.o
LOAD ./Libraries/seekfree_peripheral/SEEKFREE_VIRSCO.o
LOAD ./Libraries/seekfree_peripheral/SEEKFREE_WIRELESS.o
LOAD ./Libraries/seekfree_libraries/common.o
LOAD ./Libraries/seekfree_libraries/misc.o
LOAD ./Libraries/seekfree_libraries/zf_adc.o
LOAD ./Libraries/seekfree_libraries/zf_camera.o
LOAD ./Libraries/seekfree_libraries/zf_flash.o
LOAD ./Libraries/seekfree_libraries/zf_gpio.o
LOAD ./Libraries/seekfree_libraries/zf_nvic.o
LOAD ./Libraries/seekfree_libraries/zf_pit.o
LOAD ./Libraries/seekfree_libraries/zf_pwm.o
LOAD ./Libraries/seekfree_libraries/zf_qtimer.o
LOAD ./Libraries/seekfree_libraries/zf_spi.o
LOAD ./Libraries/seekfree_libraries/zf_systick.o
LOAD ./Libraries/seekfree_libraries/zf_uart.o
LOAD ./Libraries/board/board.o
LOAD ./Libraries/board/clock_config.o
LOAD ./CODE/Car_control.o
LOAD ./CODE/Function.o
LOAD ./CODE/Key.o
LOAD ./CODE/Open_loop.o
LOAD ./CODE/Uart_TAR.o
LOAD ./CODE/Variable.o
LOAD f:/mrd/mounriver_studio/toolchain/risc-v embedded gcc/bin/../lib/gcc/riscv-none-embed/8.2.0/../../../../riscv-none-embed/lib/rv32imac/ilp32\libm.a
LOAD f:/mrd/mounriver_studio/toolchain/risc-v embedded gcc/bin/../lib/gcc/riscv-none-embed/8.2.0/rv32imac/ilp32\libgcc.a
LOAD f:/mrd/mounriver_studio/toolchain/risc-v embedded gcc/bin/../lib/gcc/riscv-none-embed/8.2.0/../../../../riscv-none-embed/lib/rv32imac/ilp32\libg_nano.a
LOAD f:/mrd/mounriver_studio/toolchain/risc-v embedded gcc/bin/../lib/gcc/riscv-none-embed/8.2.0/../../../../riscv-none-embed/lib/rv32imac/ilp32\libc_nano.a
LOAD f:/mrd/mounriver_studio/toolchain/risc-v embedded gcc/bin/../lib/gcc/riscv-none-embed/8.2.0/rv32imac/ilp32\libgcc.a
START GROUP
LOAD f:/mrd/mounriver_studio/toolchain/risc-v embedded gcc/bin/../lib/gcc/riscv-none-embed/8.2.0/rv32imac/ilp32\libgcc.a
LOAD f:/mrd/mounriver_studio/toolchain/risc-v embedded gcc/bin/../lib/gcc/riscv-none-embed/8.2.0/../../../../riscv-none-embed/lib/rv32imac/ilp32\libc_nano.a
LOAD f:/mrd/mounriver_studio/toolchain/risc-v embedded gcc/bin/../lib/gcc/riscv-none-embed/8.2.0/../../../../riscv-none-embed/lib/rv32imac/ilp32\libnosys.a
END GROUP
START GROUP
LOAD f:/mrd/mounriver_studio/toolchain/risc-v embedded gcc/bin/../lib/gcc/riscv-none-embed/8.2.0/rv32imac/ilp32\libgcc.a
LOAD f:/mrd/mounriver_studio/toolchain/risc-v embedded gcc/bin/../lib/gcc/riscv-none-embed/8.2.0/../../../../riscv-none-embed/lib/rv32imac/ilp32\libc_nano.a
LOAD f:/mrd/mounriver_studio/toolchain/risc-v embedded gcc/bin/../lib/gcc/riscv-none-embed/8.2.0/../../../../riscv-none-embed/lib/rv32imac/ilp32\libnosys.a
END GROUP
                0x0000000000000800                __stack_size = 0x800
                [!provide]                        PROVIDE (_stack_size = __stack_size)

.init           0x0000000000000000       0x38
                0x0000000000000000                _sinit = .
                0x0000000000000000                . = ALIGN (0x4)
 *(SORT_NONE(.init))
 .init          0x0000000000000000       0x38 ./Libraries/wch_libraries/Startup/startup_ch32v10x.o
                0x0000000000000000                _start
                0x0000000000000038                . = ALIGN (0x4)
                0x0000000000000038                _einit = .

.vector         0x0000000000000038      0x108
 *(.vector)
 .vector        0x0000000000000038       0xf0 ./Libraries/wch_libraries/Startup/startup_ch32v10x.o
                0x0000000000000140                . = ALIGN (0x40)
 *fill*         0x0000000000000128       0x18 

.text           0x0000000000000140     0x33e4
                0x0000000000000140                . = ALIGN (0x4)
 *(.text)
 .text          0x0000000000000140       0xa8 f:/mrd/mounriver_studio/toolchain/risc-v embedded gcc/bin/../lib/gcc/riscv-none-embed/8.2.0/../../../../riscv-none-embed/lib/rv32imac/ilp32\libg_nano.a(lib_a-memset.o)
                0x0000000000000140                memset
 *(.text.*)
 .text.EXTI0_IRQHandler
                0x00000000000001e8       0x10 ./USER/isr.o
                0x00000000000001e8                EXTI0_IRQHandler
 .text.EXTI1_IRQHandler
                0x00000000000001f8       0x46 ./USER/isr.o
                0x00000000000001f8                EXTI1_IRQHandler
 .text.EXTI2_IRQHandler
                0x000000000000023e       0x14 ./USER/isr.o
                0x000000000000023e                EXTI2_IRQHandler
 .text.EXTI3_IRQHandler
                0x0000000000000252       0x10 ./USER/isr.o
                0x0000000000000252                EXTI3_IRQHandler
 .text.EXTI4_IRQHandler
                0x0000000000000262       0x10 ./USER/isr.o
                0x0000000000000262                EXTI4_IRQHandler
 .text.EXTI9_5_IRQHandler
                0x0000000000000272       0x10 ./USER/isr.o
                0x0000000000000272                EXTI9_5_IRQHandler
 .text.EXTI15_10_IRQHandler
                0x0000000000000282       0x10 ./USER/isr.o
                0x0000000000000282                EXTI15_10_IRQHandler
 .text.ADC1_2_IRQHandler
                0x0000000000000292       0x10 ./USER/isr.o
                0x0000000000000292                ADC1_2_IRQHandler
 .text.TIM1_BRK_IRQHandler
                0x00000000000002a2       0x34 ./USER/isr.o
                0x00000000000002a2                TIM1_BRK_IRQHandler
 .text.TIM1_UP_IRQHandler
                0x00000000000002d6       0x30 ./USER/isr.o
                0x00000000000002d6                TIM1_UP_IRQHandler
 .text.TIM1_TRG_COM_IRQHandler
                0x0000000000000306       0x58 ./USER/isr.o
                0x0000000000000306                TIM1_TRG_COM_IRQHandler
 .text.TIM1_CC_IRQHandler
                0x000000000000035e       0x90 ./USER/isr.o
                0x000000000000035e                TIM1_CC_IRQHandler
 .text.TIM2_IRQHandler
                0x00000000000003ee       0x28 ./USER/isr.o
                0x00000000000003ee                TIM2_IRQHandler
 .text.TIM3_IRQHandler
                0x0000000000000416       0x30 ./USER/isr.o
                0x0000000000000416                TIM3_IRQHandler
 .text.USART1_IRQHandler
                0x0000000000000446       0x10 ./USER/isr.o
                0x0000000000000446                USART1_IRQHandler
 .text.USART2_IRQHandler
                0x0000000000000456       0x5a ./USER/isr.o
                0x0000000000000456                USART2_IRQHandler
 .text.USART3_IRQHandler
                0x00000000000004b0       0x10 ./USER/isr.o
                0x00000000000004b0                USART3_IRQHandler
 .text.DMA1_Channel4_IRQHandler
                0x00000000000004c0       0x46 ./USER/isr.o
                0x00000000000004c0                DMA1_Channel4_IRQHandler
 .text.NMI_Handler
                0x0000000000000506       0x10 ./USER/isr.o
                0x0000000000000506                NMI_Handler
 .text.HardFault_Handler
                0x0000000000000516        0x8 ./USER/isr.o
                0x0000000000000516                HardFault_Handler
 .text.get_sensor_data
                0x000000000000051e       0x56 ./USER/main.o
                0x000000000000051e                get_sensor_data
 .text.process_data
                0x0000000000000574       0xb6 ./USER/main.o
                0x0000000000000574                process_data
 .text.TIM4_IRQHandler
                0x000000000000062a       0x58 ./USER/main.o
                0x000000000000062a                TIM4_IRQHandler
 .text.main     0x0000000000000682       0x44 ./USER/main.o
                0x0000000000000682                main
 .text.handle_reset
                0x00000000000006c6       0x7a ./Libraries/wch_libraries/Startup/startup_ch32v10x.o
                0x00000000000006c6                handle_reset
 .text.DMA_GetFlagStatus
                0x0000000000000740       0x5c ./Libraries/wch_libraries/Peripheral/ch32v10x_dma.o
                0x0000000000000740                DMA_GetFlagStatus
 .text.DMA_ClearFlag
                0x000000000000079c       0x38 ./Libraries/wch_libraries/Peripheral/ch32v10x_dma.o
                0x000000000000079c                DMA_ClearFlag
 .text.EXTI_GetITStatus
                0x00000000000007d4       0x56 ./Libraries/wch_libraries/Peripheral/ch32v10x_exti.o
                0x00000000000007d4                EXTI_GetITStatus
 .text.EXTI_ClearITPendingBit
                0x000000000000082a       0x20 ./Libraries/wch_libraries/Peripheral/ch32v10x_exti.o
                0x000000000000082a                EXTI_ClearITPendingBit
 .text.GPIO_Init
                0x000000000000084a      0x22a ./Libraries/wch_libraries/Peripheral/ch32v10x_gpio.o
                0x000000000000084a                GPIO_Init
 .text.GPIO_WriteBit
                0x0000000000000a74       0x38 ./Libraries/wch_libraries/Peripheral/ch32v10x_gpio.o
                0x0000000000000a74                GPIO_WriteBit
 .text.GPIO_PinRemapConfig
                0x0000000000000aac      0x13c ./Libraries/wch_libraries/Peripheral/ch32v10x_gpio.o
                0x0000000000000aac                GPIO_PinRemapConfig
 .text.NVIC_EnableIRQ
                0x0000000000000be8       0x32 ./Libraries/wch_libraries/Peripheral/ch32v10x_misc.o
 .text.NVIC_DisableIRQ
                0x0000000000000c1a       0x32 ./Libraries/wch_libraries/Peripheral/ch32v10x_misc.o
 .text.NVIC_SetPriority
                0x0000000000000c4c       0x2a ./Libraries/wch_libraries/Peripheral/ch32v10x_misc.o
 .text.NVIC_Init
                0x0000000000000c76       0xc4 ./Libraries/wch_libraries/Peripheral/ch32v10x_misc.o
                0x0000000000000c76                NVIC_Init
 .text.RCC_GetClocksFreq
                0x0000000000000d3a      0x21a ./Libraries/wch_libraries/Peripheral/ch32v10x_rcc.o
                0x0000000000000d3a                RCC_GetClocksFreq
 .text.RCC_APB2PeriphClockCmd
                0x0000000000000f54       0x46 ./Libraries/wch_libraries/Peripheral/ch32v10x_rcc.o
                0x0000000000000f54                RCC_APB2PeriphClockCmd
 .text.RCC_APB1PeriphClockCmd
                0x0000000000000f9a       0x46 ./Libraries/wch_libraries/Peripheral/ch32v10x_rcc.o
                0x0000000000000f9a                RCC_APB1PeriphClockCmd
 .text.TIM_TimeBaseInit
                0x0000000000000fe0       0xfa ./Libraries/wch_libraries/Peripheral/ch32v10x_tim.o
                0x0000000000000fe0                TIM_TimeBaseInit
 .text.TIM_Cmd  0x00000000000010da       0x58 ./Libraries/wch_libraries/Peripheral/ch32v10x_tim.o
                0x00000000000010da                TIM_Cmd
 .text.TIM_ITConfig
                0x0000000000001132       0x70 ./Libraries/wch_libraries/Peripheral/ch32v10x_tim.o
                0x0000000000001132                TIM_ITConfig
 .text.TIM_GetITStatus
                0x00000000000011a2       0x70 ./Libraries/wch_libraries/Peripheral/ch32v10x_tim.o
                0x00000000000011a2                TIM_GetITStatus
 .text.TIM_ClearITPendingBit
                0x0000000000001212       0x2e ./Libraries/wch_libraries/Peripheral/ch32v10x_tim.o
                0x0000000000001212                TIM_ClearITPendingBit
 .text.USART_Init
                0x0000000000001240      0x232 ./Libraries/wch_libraries/Peripheral/ch32v10x_usart.o
                0x0000000000001240                USART_Init
 .text.USART_Cmd
                0x0000000000001472       0x60 ./Libraries/wch_libraries/Peripheral/ch32v10x_usart.o
                0x0000000000001472                USART_Cmd
 .text.USART_SendData
                0x00000000000014d2       0x2e ./Libraries/wch_libraries/Peripheral/ch32v10x_usart.o
                0x00000000000014d2                USART_SendData
 .text.USART_GetFlagStatus
                0x0000000000001500       0x46 ./Libraries/wch_libraries/Peripheral/ch32v10x_usart.o
                0x0000000000001500                USART_GetFlagStatus
 .text.USART_GetITStatus
                0x0000000000001546      0x102 ./Libraries/wch_libraries/Peripheral/ch32v10x_usart.o
                0x0000000000001546                USART_GetITStatus
 .text.USART_ClearITPendingBit
                0x0000000000001648       0x4e ./Libraries/wch_libraries/Peripheral/ch32v10x_usart.o
                0x0000000000001648                USART_ClearITPendingBit
 .text.mt9v03x_uart_callback
                0x0000000000001696       0x70 ./Libraries/seekfree_peripheral/SEEKFREE_MT9V03X.o
                0x0000000000001696                mt9v03x_uart_callback
 .text.mt9v03x_vsync
                0x0000000000001706       0x36 ./Libraries/seekfree_peripheral/SEEKFREE_MT9V03X.o
                0x0000000000001706                mt9v03x_vsync
 .text.mt9v03x_dma
                0x000000000000173c       0x2e ./Libraries/seekfree_peripheral/SEEKFREE_MT9V03X.o
                0x000000000000173c                mt9v03x_dma
 .text.ov7725_cof_uart_interrupt
                0x000000000000176a       0x70 ./Libraries/seekfree_peripheral/SEEKFREE_UART_7725.o
                0x000000000000176a                ov7725_cof_uart_interrupt
 .text.ov7725_uart_vsync
                0x00000000000017da       0x36 ./Libraries/seekfree_peripheral/SEEKFREE_UART_7725.o
                0x00000000000017da                ov7725_uart_vsync
 .text.ov7725_uart_dma
                0x0000000000001810       0x2e ./Libraries/seekfree_peripheral/SEEKFREE_UART_7725.o
                0x0000000000001810                ov7725_uart_dma
 .text.gpio_init
                0x000000000000183e      0x1a4 ./Libraries/seekfree_libraries/zf_gpio.o
                0x000000000000183e                gpio_init
 .text.nvic_init
                0x00000000000019e2       0x98 ./Libraries/seekfree_libraries/zf_nvic.o
                0x00000000000019e2                nvic_init
 .text.close_all_irq
                0x0000000000001a7a       0x22 ./Libraries/seekfree_libraries/zf_nvic.o
                0x0000000000001a7a                close_all_irq
 .text.sys_recover_irq
                0x0000000000001a9c       0x28 ./Libraries/seekfree_libraries/zf_nvic.o
                0x0000000000001a9c                sys_recover_irq
 .text.DisableGlobalIRQ
                0x0000000000001ac4       0x3c ./Libraries/seekfree_libraries/zf_nvic.o
                0x0000000000001ac4                DisableGlobalIRQ
 .text.EnableGlobalIRQ
                0x0000000000001b00       0x28 ./Libraries/seekfree_libraries/zf_nvic.o
                0x0000000000001b00                EnableGlobalIRQ
 .text.timer_pit_interrupt_ms
                0x0000000000001b28      0x184 ./Libraries/seekfree_libraries/zf_pit.o
                0x0000000000001b28                timer_pit_interrupt_ms
 .text.uart_gpio_init
                0x0000000000001cac       0xd8 ./Libraries/seekfree_libraries/zf_uart.o
                0x0000000000001cac                uart_gpio_init
 .text.uart_init
                0x0000000000001d84      0x104 ./Libraries/seekfree_libraries/zf_uart.o
                0x0000000000001d84                uart_init
 .text.uart_putchar
                0x0000000000001e88       0x56 ./Libraries/seekfree_libraries/zf_uart.o
                0x0000000000001e88                uart_putchar
 .text.uart_putbuff
                0x0000000000001ede       0x46 ./Libraries/seekfree_libraries/zf_uart.o
                0x0000000000001ede                uart_putbuff
 .text.board_init
                0x0000000000001f24       0x46 ./Libraries/board/board.o
                0x0000000000001f24                board_init
 .text._write   0x0000000000001f6a       0x78 ./Libraries/board/board.o
                0x0000000000001f6a                _write
 .text.SetSysClock
                0x0000000000001fe2      0x140 ./Libraries/board/clock_config.o
 .text.SystemInit
                0x0000000000002122       0x7c ./Libraries/board/clock_config.o
                0x0000000000002122                SystemInit
 .text.__assert_func
                0x000000000000219e       0x3a f:/mrd/mounriver_studio/toolchain/risc-v embedded gcc/bin/../lib/gcc/riscv-none-embed/8.2.0/../../../../riscv-none-embed/lib/rv32imac/ilp32\libg_nano.a(lib_a-assert.o)
                0x000000000000219e                __assert_func
 .text.fprintf  0x00000000000021d8       0x26 f:/mrd/mounriver_studio/toolchain/risc-v embedded gcc/bin/../lib/gcc/riscv-none-embed/8.2.0/../../../../riscv-none-embed/lib/rv32imac/ilp32\libg_nano.a(lib_a-fprintf.o)
                0x00000000000021d8                fiprintf
                0x00000000000021d8                fprintf
 .text.__sfputc_r
                0x00000000000021fe       0x28 f:/mrd/mounriver_studio/toolchain/risc-v embedded gcc/bin/../lib/gcc/riscv-none-embed/8.2.0/../../../../riscv-none-embed/lib/rv32imac/ilp32\libg_nano.a(lib_a-nano-vfprintf.o)
 .text.__sfputs_r
                0x0000000000002226       0x42 f:/mrd/mounriver_studio/toolchain/risc-v embedded gcc/bin/../lib/gcc/riscv-none-embed/8.2.0/../../../../riscv-none-embed/lib/rv32imac/ilp32\libg_nano.a(lib_a-nano-vfprintf.o)
                0x0000000000002226                __sfputs_r
 .text._vfprintf_r
                0x0000000000002268      0x29e f:/mrd/mounriver_studio/toolchain/risc-v embedded gcc/bin/../lib/gcc/riscv-none-embed/8.2.0/../../../../riscv-none-embed/lib/rv32imac/ilp32\libg_nano.a(lib_a-nano-vfprintf.o)
                0x0000000000002268                _vfprintf_r
                0x0000000000002268                _vfiprintf_r
 .text._printf_common
                0x0000000000002506      0x10c f:/mrd/mounriver_studio/toolchain/risc-v embedded gcc/bin/../lib/gcc/riscv-none-embed/8.2.0/../../../../riscv-none-embed/lib/rv32imac/ilp32\libg_nano.a(lib_a-nano-vfprintf_i.o)
                0x0000000000002506                _printf_common
 .text._printf_i
                0x0000000000002612      0x2a2 f:/mrd/mounriver_studio/toolchain/risc-v embedded gcc/bin/../lib/gcc/riscv-none-embed/8.2.0/../../../../riscv-none-embed/lib/rv32imac/ilp32\libg_nano.a(lib_a-nano-vfprintf_i.o)
                0x0000000000002612                _printf_i
 .text.__swbuf_r
                0x00000000000028b4       0xc0 f:/mrd/mounriver_studio/toolchain/risc-v embedded gcc/bin/../lib/gcc/riscv-none-embed/8.2.0/../../../../riscv-none-embed/lib/rv32imac/ilp32\libg_nano.a(lib_a-wbuf.o)
                0x00000000000028b4                __swbuf_r
 .text.__swsetup_r
                0x0000000000002974      0x10c f:/mrd/mounriver_studio/toolchain/risc-v embedded gcc/bin/../lib/gcc/riscv-none-embed/8.2.0/../../../../riscv-none-embed/lib/rv32imac/ilp32\libg_nano.a(lib_a-wsetup.o)
                0x0000000000002974                __swsetup_r
 .text.abort    0x0000000000002a80        0xe f:/mrd/mounriver_studio/toolchain/risc-v embedded gcc/bin/../lib/gcc/riscv-none-embed/8.2.0/../../../../riscv-none-embed/lib/rv32imac/ilp32\libg_nano.a(lib_a-abort.o)
                0x0000000000002a80                abort
 .text.__sflush_r
                0x0000000000002a8e      0x13c f:/mrd/mounriver_studio/toolchain/risc-v embedded gcc/bin/../lib/gcc/riscv-none-embed/8.2.0/../../../../riscv-none-embed/lib/rv32imac/ilp32\libg_nano.a(lib_a-fflush.o)
                0x0000000000002a8e                __sflush_r
 .text._fflush_r
                0x0000000000002bca       0x64 f:/mrd/mounriver_studio/toolchain/risc-v embedded gcc/bin/../lib/gcc/riscv-none-embed/8.2.0/../../../../riscv-none-embed/lib/rv32imac/ilp32\libg_nano.a(lib_a-fflush.o)
                0x0000000000002bca                _fflush_r
 .text.std      0x0000000000002c2e       0x6a f:/mrd/mounriver_studio/toolchain/risc-v embedded gcc/bin/../lib/gcc/riscv-none-embed/8.2.0/../../../../riscv-none-embed/lib/rv32imac/ilp32\libg_nano.a(lib_a-findfp.o)
 .text._cleanup_r
                0x0000000000002c98        0xa f:/mrd/mounriver_studio/toolchain/risc-v embedded gcc/bin/../lib/gcc/riscv-none-embed/8.2.0/../../../../riscv-none-embed/lib/rv32imac/ilp32\libg_nano.a(lib_a-findfp.o)
                0x0000000000002c98                _cleanup_r
 .text.__sfmoreglue
                0x0000000000002ca2       0x46 f:/mrd/mounriver_studio/toolchain/risc-v embedded gcc/bin/../lib/gcc/riscv-none-embed/8.2.0/../../../../riscv-none-embed/lib/rv32imac/ilp32\libg_nano.a(lib_a-findfp.o)
                0x0000000000002ca2                __sfmoreglue
 .text.__sinit  0x0000000000002ce8       0x66 f:/mrd/mounriver_studio/toolchain/risc-v embedded gcc/bin/../lib/gcc/riscv-none-embed/8.2.0/../../../../riscv-none-embed/lib/rv32imac/ilp32\libg_nano.a(lib_a-findfp.o)
                0x0000000000002ce8                __sinit
 .text.__sfp    0x0000000000002d4e       0x9c f:/mrd/mounriver_studio/toolchain/risc-v embedded gcc/bin/../lib/gcc/riscv-none-embed/8.2.0/../../../../riscv-none-embed/lib/rv32imac/ilp32\libg_nano.a(lib_a-findfp.o)
                0x0000000000002d4e                __sfp
 .text._fwalk_reent
                0x0000000000002dea       0x6c f:/mrd/mounriver_studio/toolchain/risc-v embedded gcc/bin/../lib/gcc/riscv-none-embed/8.2.0/../../../../riscv-none-embed/lib/rv32imac/ilp32\libg_nano.a(lib_a-fwalk.o)
                0x0000000000002dea                _fwalk_reent
 .text.__swhatbuf_r
                0x0000000000002e56       0x58 f:/mrd/mounriver_studio/toolchain/risc-v embedded gcc/bin/../lib/gcc/riscv-none-embed/8.2.0/../../../../riscv-none-embed/lib/rv32imac/ilp32\libg_nano.a(lib_a-makebuf.o)
                0x0000000000002e56                __swhatbuf_r
 .text.__smakebuf_r
                0x0000000000002eae       0x9c f:/mrd/mounriver_studio/toolchain/risc-v embedded gcc/bin/../lib/gcc/riscv-none-embed/8.2.0/../../../../riscv-none-embed/lib/rv32imac/ilp32\libg_nano.a(lib_a-makebuf.o)
                0x0000000000002eae                __smakebuf_r
 .text.memchr   0x0000000000002f4a       0x1a f:/mrd/mounriver_studio/toolchain/risc-v embedded gcc/bin/../lib/gcc/riscv-none-embed/8.2.0/../../../../riscv-none-embed/lib/rv32imac/ilp32\libg_nano.a(lib_a-memchr.o)
                0x0000000000002f4a                memchr
 .text._free_r  0x0000000000002f64       0xa4 f:/mrd/mounriver_studio/toolchain/risc-v embedded gcc/bin/../lib/gcc/riscv-none-embed/8.2.0/../../../../riscv-none-embed/lib/rv32imac/ilp32\libg_nano.a(lib_a-nano-freer.o)
                0x0000000000002f64                _free_r
 .text._malloc_r
                0x0000000000003008       0xce f:/mrd/mounriver_studio/toolchain/risc-v embedded gcc/bin/../lib/gcc/riscv-none-embed/8.2.0/../../../../riscv-none-embed/lib/rv32imac/ilp32\libg_nano.a(lib_a-nano-mallocr.o)
                0x0000000000003008                _malloc_r
 .text._sbrk_r  0x00000000000030d6       0x28 f:/mrd/mounriver_studio/toolchain/risc-v embedded gcc/bin/../lib/gcc/riscv-none-embed/8.2.0/../../../../riscv-none-embed/lib/rv32imac/ilp32\libg_nano.a(lib_a-sbrkr.o)
                0x00000000000030d6                _sbrk_r
 .text._raise_r
                0x00000000000030fe       0x62 f:/mrd/mounriver_studio/toolchain/risc-v embedded gcc/bin/../lib/gcc/riscv-none-embed/8.2.0/../../../../riscv-none-embed/lib/rv32imac/ilp32\libg_nano.a(lib_a-signal.o)
                0x00000000000030fe                _raise_r
 .text.raise    0x0000000000003160        0xa f:/mrd/mounriver_studio/toolchain/risc-v embedded gcc/bin/../lib/gcc/riscv-none-embed/8.2.0/../../../../riscv-none-embed/lib/rv32imac/ilp32\libg_nano.a(lib_a-signal.o)
                0x0000000000003160                raise
 .text._kill_r  0x000000000000316a       0x2a f:/mrd/mounriver_studio/toolchain/risc-v embedded gcc/bin/../lib/gcc/riscv-none-embed/8.2.0/../../../../riscv-none-embed/lib/rv32imac/ilp32\libg_nano.a(lib_a-signalr.o)
                0x000000000000316a                _kill_r
 .text._getpid_r
                0x0000000000003194        0x2 f:/mrd/mounriver_studio/toolchain/risc-v embedded gcc/bin/../lib/gcc/riscv-none-embed/8.2.0/../../../../riscv-none-embed/lib/rv32imac/ilp32\libg_nano.a(lib_a-signalr.o)
                0x0000000000003194                _getpid_r
 .text.__sread  0x0000000000003196       0x30 f:/mrd/mounriver_studio/toolchain/risc-v embedded gcc/bin/../lib/gcc/riscv-none-embed/8.2.0/../../../../riscv-none-embed/lib/rv32imac/ilp32\libg_nano.a(lib_a-stdio.o)
                0x0000000000003196                __sread
 .text.__swrite
                0x00000000000031c6       0x4e f:/mrd/mounriver_studio/toolchain/risc-v embedded gcc/bin/../lib/gcc/riscv-none-embed/8.2.0/../../../../riscv-none-embed/lib/rv32imac/ilp32\libg_nano.a(lib_a-stdio.o)
                0x00000000000031c6                __swrite
 .text.__sseek  0x0000000000003214       0x36 f:/mrd/mounriver_studio/toolchain/risc-v embedded gcc/bin/../lib/gcc/riscv-none-embed/8.2.0/../../../../riscv-none-embed/lib/rv32imac/ilp32\libg_nano.a(lib_a-stdio.o)
                0x0000000000003214                __sseek
 .text.__sclose
                0x000000000000324a        0x6 f:/mrd/mounriver_studio/toolchain/risc-v embedded gcc/bin/../lib/gcc/riscv-none-embed/8.2.0/../../../../riscv-none-embed/lib/rv32imac/ilp32\libg_nano.a(lib_a-stdio.o)
                0x000000000000324a                __sclose
 .text._write_r
                0x0000000000003250       0x2e f:/mrd/mounriver_studio/toolchain/risc-v embedded gcc/bin/../lib/gcc/riscv-none-embed/8.2.0/../../../../riscv-none-embed/lib/rv32imac/ilp32\libg_nano.a(lib_a-writer.o)
                0x0000000000003250                _write_r
 .text._close_r
                0x000000000000327e       0x28 f:/mrd/mounriver_studio/toolchain/risc-v embedded gcc/bin/../lib/gcc/riscv-none-embed/8.2.0/../../../../riscv-none-embed/lib/rv32imac/ilp32\libg_nano.a(lib_a-closer.o)
                0x000000000000327e                _close_r
 .text._fstat_r
                0x00000000000032a6       0x2a f:/mrd/mounriver_studio/toolchain/risc-v embedded gcc/bin/../lib/gcc/riscv-none-embed/8.2.0/../../../../riscv-none-embed/lib/rv32imac/ilp32\libg_nano.a(lib_a-fstatr.o)
                0x00000000000032a6                _fstat_r
 .text._isatty_r
                0x00000000000032d0       0x28 f:/mrd/mounriver_studio/toolchain/risc-v embedded gcc/bin/../lib/gcc/riscv-none-embed/8.2.0/../../../../riscv-none-embed/lib/rv32imac/ilp32\libg_nano.a(lib_a-isattyr.o)
                0x00000000000032d0                _isatty_r
 .text._lseek_r
                0x00000000000032f8       0x2c f:/mrd/mounriver_studio/toolchain/risc-v embedded gcc/bin/../lib/gcc/riscv-none-embed/8.2.0/../../../../riscv-none-embed/lib/rv32imac/ilp32\libg_nano.a(lib_a-lseekr.o)
                0x00000000000032f8                _lseek_r
 .text.__malloc_lock
                0x0000000000003324        0x2 f:/mrd/mounriver_studio/toolchain/risc-v embedded gcc/bin/../lib/gcc/riscv-none-embed/8.2.0/../../../../riscv-none-embed/lib/rv32imac/ilp32\libg_nano.a(lib_a-mlock.o)
                0x0000000000003324                __malloc_lock
 .text.__malloc_unlock
                0x0000000000003326        0x2 f:/mrd/mounriver_studio/toolchain/risc-v embedded gcc/bin/../lib/gcc/riscv-none-embed/8.2.0/../../../../riscv-none-embed/lib/rv32imac/ilp32\libg_nano.a(lib_a-mlock.o)
                0x0000000000003326                __malloc_unlock
 .text._read_r  0x0000000000003328       0x2c f:/mrd/mounriver_studio/toolchain/risc-v embedded gcc/bin/../lib/gcc/riscv-none-embed/8.2.0/../../../../riscv-none-embed/lib/rv32imac/ilp32\libg_nano.a(lib_a-readr.o)
                0x0000000000003328                _read_r
 .text._close   0x0000000000003354        0xc f:/mrd/mounriver_studio/toolchain/risc-v embedded gcc/bin/../lib/gcc/riscv-none-embed/8.2.0/../../../../riscv-none-embed/lib/rv32imac/ilp32\libnosys.a(close.o)
                0x0000000000003354                _close
 .text._fstat   0x0000000000003360        0xc f:/mrd/mounriver_studio/toolchain/risc-v embedded gcc/bin/../lib/gcc/riscv-none-embed/8.2.0/../../../../riscv-none-embed/lib/rv32imac/ilp32\libnosys.a(fstat.o)
                0x0000000000003360                _fstat
 .text._getpid  0x000000000000336c        0xc f:/mrd/mounriver_studio/toolchain/risc-v embedded gcc/bin/../lib/gcc/riscv-none-embed/8.2.0/../../../../riscv-none-embed/lib/rv32imac/ilp32\libnosys.a(getpid.o)
                0x000000000000336c                _getpid
 .text._isatty  0x0000000000003378        0xc f:/mrd/mounriver_studio/toolchain/risc-v embedded gcc/bin/../lib/gcc/riscv-none-embed/8.2.0/../../../../riscv-none-embed/lib/rv32imac/ilp32\libnosys.a(isatty.o)
                0x0000000000003378                _isatty
 .text._kill    0x0000000000003384        0xc f:/mrd/mounriver_studio/toolchain/risc-v embedded gcc/bin/../lib/gcc/riscv-none-embed/8.2.0/../../../../riscv-none-embed/lib/rv32imac/ilp32\libnosys.a(kill.o)
                0x0000000000003384                _kill
 .text._lseek   0x0000000000003390        0xc f:/mrd/mounriver_studio/toolchain/risc-v embedded gcc/bin/../lib/gcc/riscv-none-embed/8.2.0/../../../../riscv-none-embed/lib/rv32imac/ilp32\libnosys.a(lseek.o)
                0x0000000000003390                _lseek
 .text._read    0x000000000000339c        0xc f:/mrd/mounriver_studio/toolchain/risc-v embedded gcc/bin/../lib/gcc/riscv-none-embed/8.2.0/../../../../riscv-none-embed/lib/rv32imac/ilp32\libnosys.a(read.o)
                0x000000000000339c                _read
 .text._sbrk    0x00000000000033a8       0x20 f:/mrd/mounriver_studio/toolchain/risc-v embedded gcc/bin/../lib/gcc/riscv-none-embed/8.2.0/../../../../riscv-none-embed/lib/rv32imac/ilp32\libnosys.a(sbrk.o)
                0x00000000000033a8                _sbrk
 .text._exit    0x00000000000033c8        0x2 f:/mrd/mounriver_studio/toolchain/risc-v embedded gcc/bin/../lib/gcc/riscv-none-embed/8.2.0/../../../../riscv-none-embed/lib/rv32imac/ilp32\libnosys.a(_exit.o)
                0x00000000000033c8                _exit
 *(.rodata)
 *fill*         0x00000000000033ca        0x2 
 .rodata        0x00000000000033cc       0x33 ./Libraries/seekfree_libraries/zf_pit.o
 *(.rodata*)
 *fill*         0x00000000000033ff        0x1 
 .rodata.GPION  0x0000000000003400       0x10 ./Libraries/seekfree_libraries/zf_gpio.o
                0x0000000000003400                GPION
 .rodata.__func__.3548
                0x0000000000003410       0x17 ./Libraries/seekfree_libraries/zf_pit.o
 *fill*         0x0000000000003427        0x1 
 .rodata.TIMERN
                0x0000000000003428       0x10 ./Libraries/seekfree_libraries/zf_qtimer.o
                0x0000000000003428                TIMERN
 .rodata.UARTN  0x0000000000003438       0x10 ./Libraries/seekfree_libraries/zf_uart.o
                0x0000000000003438                UARTN
 .rodata.__assert_func.str1.4
                0x0000000000003448       0x3f f:/mrd/mounriver_studio/toolchain/risc-v embedded gcc/bin/../lib/gcc/riscv-none-embed/8.2.0/../../../../riscv-none-embed/lib/rv32imac/ilp32\libg_nano.a(lib_a-assert.o)
                                         0x43 (size before relaxing)
 *fill*         0x0000000000003487        0x1 
 .rodata._vfprintf_r.str1.4
                0x0000000000003488       0x13 f:/mrd/mounriver_studio/toolchain/risc-v embedded gcc/bin/../lib/gcc/riscv-none-embed/8.2.0/../../../../riscv-none-embed/lib/rv32imac/ilp32\libg_nano.a(lib_a-nano-vfprintf.o)
 *fill*         0x000000000000349b        0x1 
 .rodata._printf_i.str1.4
                0x000000000000349c       0x28 f:/mrd/mounriver_studio/toolchain/risc-v embedded gcc/bin/../lib/gcc/riscv-none-embed/8.2.0/../../../../riscv-none-embed/lib/rv32imac/ilp32\libg_nano.a(lib_a-nano-vfprintf_i.o)
                                         0x25 (size before relaxing)
 .rodata.__sf_fake_stderr
                0x00000000000034c4       0x20 f:/mrd/mounriver_studio/toolchain/risc-v embedded gcc/bin/../lib/gcc/riscv-none-embed/8.2.0/../../../../riscv-none-embed/lib/rv32imac/ilp32\libg_nano.a(lib_a-findfp.o)
                0x00000000000034c4                __sf_fake_stderr
 .rodata.__sf_fake_stdin
                0x00000000000034e4       0x20 f:/mrd/mounriver_studio/toolchain/risc-v embedded gcc/bin/../lib/gcc/riscv-none-embed/8.2.0/../../../../riscv-none-embed/lib/rv32imac/ilp32\libg_nano.a(lib_a-findfp.o)
                0x00000000000034e4                __sf_fake_stdin
 .rodata.__sf_fake_stdout
                0x0000000000003504       0x20 f:/mrd/mounriver_studio/toolchain/risc-v embedded gcc/bin/../lib/gcc/riscv-none-embed/8.2.0/../../../../riscv-none-embed/lib/rv32imac/ilp32\libg_nano.a(lib_a-findfp.o)
                0x0000000000003504                __sf_fake_stdout
 *(.glue_7)
 *(.glue_7t)
 *(.gnu.linkonce.t.*)
                0x0000000000003524                . = ALIGN (0x4)

.rela.dyn       0x0000000000003524        0x0
 .rela.init     0x0000000000003524        0x0 ./USER/isr.o
 .rela.vector   0x0000000000003524        0x0 ./USER/isr.o
 .rela.text.handle_reset
                0x0000000000003524        0x0 ./USER/isr.o
 .rela.text._vfprintf_r
                0x0000000000003524        0x0 ./USER/isr.o
 .rela.text._sbrk_r
                0x0000000000003524        0x0 ./USER/isr.o
 .rela.text._kill_r
                0x0000000000003524        0x0 ./USER/isr.o
 .rela.text._write_r
                0x0000000000003524        0x0 ./USER/isr.o
 .rela.text._close_r
                0x0000000000003524        0x0 ./USER/isr.o
 .rela.text._fstat_r
                0x0000000000003524        0x0 ./USER/isr.o
 .rela.text._isatty_r
                0x0000000000003524        0x0 ./USER/isr.o
 .rela.text._lseek_r
                0x0000000000003524        0x0 ./USER/isr.o
 .rela.text._read_r
                0x0000000000003524        0x0 ./USER/isr.o
 .rela.text._close
                0x0000000000003524        0x0 ./USER/isr.o
 .rela.text._fstat
                0x0000000000003524        0x0 ./USER/isr.o
 .rela.text._getpid
                0x0000000000003524        0x0 ./USER/isr.o
 .rela.text._isatty
                0x0000000000003524        0x0 ./USER/isr.o
 .rela.text._kill
                0x0000000000003524        0x0 ./USER/isr.o
 .rela.text._lseek
                0x0000000000003524        0x0 ./USER/isr.o
 .rela.text._read
                0x0000000000003524        0x0 ./USER/isr.o
 .rela.text._sbrk
                0x0000000000003524        0x0 ./USER/isr.o

.fini           0x0000000000003524        0x0
 *(SORT_NONE(.fini))
                0x0000000000003524                . = ALIGN (0x4)
                [!provide]                        PROVIDE (_etext = .)
                [!provide]                        PROVIDE (_eitcm = .)

.preinit_array  0x0000000000003524        0x0
                [!provide]                        PROVIDE (__preinit_array_start = .)
 *(.preinit_array)
                [!provide]                        PROVIDE (__preinit_array_end = .)

.init_array     0x0000000000003524        0x0
                [!provide]                        PROVIDE (__init_array_start = .)
 *(SORT_BY_INIT_PRIORITY(.init_array.*) SORT_BY_INIT_PRIORITY(.ctors.*))
 *(.init_array EXCLUDE_FILE(*crtend?.o *crtend.o *crtbegin?.o *crtbegin.o) .ctors)
                [!provide]                        PROVIDE (__init_array_end = .)

.fini_array     0x0000000000003524        0x0
                [!provide]                        PROVIDE (__fini_array_start = .)
 *(SORT_BY_INIT_PRIORITY(.fini_array.*) SORT_BY_INIT_PRIORITY(.dtors.*))
 *(.fini_array EXCLUDE_FILE(*crtend?.o *crtend.o *crtbegin?.o *crtbegin.o) .dtors)
                [!provide]                        PROVIDE (__fini_array_end = .)

.ctors
 *crtbegin.o(.ctors)
 *crtbegin?.o(.ctors)
 *(EXCLUDE_FILE(*crtend?.o *crtend.o) .ctors)
 *(SORT_BY_NAME(.ctors.*))
 *(.ctors)

.dtors
 *crtbegin.o(.dtors)
 *crtbegin?.o(.dtors)
 *(EXCLUDE_FILE(*crtend?.o *crtend.o) .dtors)
 *(SORT_BY_NAME(.dtors.*))
 *(.dtors)

.dalign         0x0000000020000000        0x0 load address 0x0000000000003524
                0x0000000020000000                . = ALIGN (0x4)
                0x0000000020000000                PROVIDE (_data_vma = .)

.dlalign        0x0000000000003524        0x0
                0x0000000000003524                . = ALIGN (0x4)
                0x0000000000003524                PROVIDE (_data_lma = .)

.data           0x0000000020000000       0x80 load address 0x0000000000003524
 *(.gnu.linkonce.r.*)
 *(.data .data.*)
 .data.APBAHBPrescTable
                0x0000000020000000       0x10 ./Libraries/wch_libraries/Peripheral/ch32v10x_rcc.o
 .data.impure_data
                0x0000000020000010       0x60 f:/mrd/mounriver_studio/toolchain/risc-v embedded gcc/bin/../lib/gcc/riscv-none-embed/8.2.0/../../../../riscv-none-embed/lib/rv32imac/ilp32\libg_nano.a(lib_a-impure.o)
 *(.gnu.linkonce.d.*)
                0x0000000020000070                . = ALIGN (0x8)
                0x0000000020000870                PROVIDE (__global_pointer$ = (. + 0x800))
 *(.sdata .sdata.*)
 .sdata.ADCPrescTable
                0x0000000020000070        0x4 ./Libraries/wch_libraries/Peripheral/ch32v10x_rcc.o
 .sdata.camera_type
                0x0000000020000074        0x4 ./Libraries/seekfree_libraries/common.o
                0x0000000020000074                camera_type
 .sdata._impure_ptr
                0x0000000020000078        0x4 f:/mrd/mounriver_studio/toolchain/risc-v embedded gcc/bin/../lib/gcc/riscv-none-embed/8.2.0/../../../../riscv-none-embed/lib/rv32imac/ilp32\libg_nano.a(lib_a-impure.o)
                0x0000000020000078                _impure_ptr
 *(.sdata2.*)
 .sdata2._global_impure_ptr
                0x000000002000007c        0x4 f:/mrd/mounriver_studio/toolchain/risc-v embedded gcc/bin/../lib/gcc/riscv-none-embed/8.2.0/../../../../riscv-none-embed/lib/rv32imac/ilp32\libg_nano.a(lib_a-impure.o)
                0x000000002000007c                _global_impure_ptr
 *(.gnu.linkonce.s.*)
                0x0000000020000080                . = ALIGN (0x8)
 *(.srodata.cst16)
 *(.srodata.cst8)
 *(.srodata.cst4)
 *(.srodata.cst2)
 *(.srodata .srodata.*)
                0x0000000020000080                . = ALIGN (0x4)
                0x0000000020000080                PROVIDE (_edata = .)

.bss            0x0000000020000080       0x44 load address 0x00000000000035a4
                0x0000000020000080                . = ALIGN (0x4)
                0x0000000020000080                PROVIDE (_sbss = .)
 *(.sbss*)
 .sbss.slave_encoder_left
                0x0000000020000080        0x2 ./USER/main.o
                0x0000000020000080                slave_encoder_left
 .sbss.slave_encoder_right
                0x0000000020000082        0x2 ./USER/main.o
                0x0000000020000082                slave_encoder_right
 .sbss.slave_position
                0x0000000020000084        0x2 ./USER/main.o
                0x0000000020000084                slave_position
 *fill*         0x0000000020000086        0x2 
 .sbss.receive  0x0000000020000088        0x3 ./Libraries/seekfree_peripheral/SEEKFREE_MT9V03X.o
                0x0000000020000088                receive
 .sbss.receive_num
                0x000000002000008b        0x1 ./Libraries/seekfree_peripheral/SEEKFREE_MT9V03X.o
                0x000000002000008b                receive_num
 .sbss.uart_receive_flag
                0x000000002000008c        0x1 ./Libraries/seekfree_peripheral/SEEKFREE_MT9V03X.o
                0x000000002000008c                uart_receive_flag
 .sbss.mt9v03x_finish_flag
                0x000000002000008d        0x1 ./Libraries/seekfree_peripheral/SEEKFREE_MT9V03X.o
                0x000000002000008d                mt9v03x_finish_flag
 *fill*         0x000000002000008e        0x2 
 .sbss.ov7725_uart_receive
                0x0000000020000090        0x3 ./Libraries/seekfree_peripheral/SEEKFREE_UART_7725.o
                0x0000000020000090                ov7725_uart_receive
 .sbss.ov7725_uart_receive_num
                0x0000000020000093        0x1 ./Libraries/seekfree_peripheral/SEEKFREE_UART_7725.o
                0x0000000020000093                ov7725_uart_receive_num
 .sbss.ov7725_uart_receive_flag
                0x0000000020000094        0x1 ./Libraries/seekfree_peripheral/SEEKFREE_UART_7725.o
                0x0000000020000094                ov7725_uart_receive_flag
 .sbss.ov7725_uart_finish_flag
                0x0000000020000095        0x1 ./Libraries/seekfree_peripheral/SEEKFREE_UART_7725.o
                0x0000000020000095                ov7725_uart_finish_flag
 *fill*         0x0000000020000096        0x2 
 .sbss.sys_clk  0x0000000020000098        0x4 ./Libraries/seekfree_libraries/common.o
                0x0000000020000098                sys_clk
 .sbss.__malloc_free_list
                0x000000002000009c        0x4 f:/mrd/mounriver_studio/toolchain/risc-v embedded gcc/bin/../lib/gcc/riscv-none-embed/8.2.0/../../../../riscv-none-embed/lib/rv32imac/ilp32\libg_nano.a(lib_a-nano-mallocr.o)
                0x000000002000009c                __malloc_free_list
 .sbss.__malloc_sbrk_start
                0x00000000200000a0        0x4 f:/mrd/mounriver_studio/toolchain/risc-v embedded gcc/bin/../lib/gcc/riscv-none-embed/8.2.0/../../../../riscv-none-embed/lib/rv32imac/ilp32\libg_nano.a(lib_a-nano-mallocr.o)
                0x00000000200000a0                __malloc_sbrk_start
 .sbss.heap_end.1518
                0x00000000200000a4        0x4 f:/mrd/mounriver_studio/toolchain/risc-v embedded gcc/bin/../lib/gcc/riscv-none-embed/8.2.0/../../../../riscv-none-embed/lib/rv32imac/ilp32\libnosys.a(sbrk.o)
 *(.gnu.linkonce.sb.*)
 *(.bss*)
 .bss.temp_buff
                0x00000000200000a8        0xb ./USER/main.o
                0x00000000200000a8                temp_buff
 *fill*         0x00000000200000b3        0x1 
 .bss.irq_status
                0x00000000200000b4        0xc ./Libraries/seekfree_libraries/common.o
                0x00000000200000b4                irq_status
 *(.gnu.linkonce.b.*)
 *(COMMON*)
 COMMON         0x00000000200000c0        0x4 f:/mrd/mounriver_studio/toolchain/risc-v embedded gcc/bin/../lib/gcc/riscv-none-embed/8.2.0/../../../../riscv-none-embed/lib/rv32imac/ilp32\libg_nano.a(lib_a-reent.o)
                0x00000000200000c0                errno
                0x00000000200000c4                . = ALIGN (0x4)
                0x00000000200000c4                PROVIDE (_ebss = .)
                [!provide]                        PROVIDE (_end = _ebss)
                0x00000000200000c4                PROVIDE (end = .)

.stack          0x0000000020004800      0x800
                0x0000000020004800                . = ALIGN (0x4)
                [!provide]                        PROVIDE (_susrstack = .)
                0x0000000020005000                . = (. + __stack_size)
 *fill*         0x0000000020004800      0x800 
                0x0000000020005000                PROVIDE (_eusrstack = .)
OUTPUT(SLAVE.elf elf32-littleriscv)

.debug_info     0x0000000000000000    0x10c36
 .debug_info    0x0000000000000000     0x14b4 ./USER/isr.o
 .debug_info    0x00000000000014b4     0x1800 ./USER/main.o
 .debug_info    0x0000000000002cb4       0x22 ./Libraries/wch_libraries/Startup/startup_ch32v10x.o
 .debug_info    0x0000000000002cd6      0x476 ./Libraries/wch_libraries/Peripheral/ch32v10x_dma.o
 .debug_info    0x000000000000314c      0x353 ./Libraries/wch_libraries/Peripheral/ch32v10x_exti.o
 .debug_info    0x000000000000349f      0x6e7 ./Libraries/wch_libraries/Peripheral/ch32v10x_gpio.o
 .debug_info    0x0000000000003b86      0x517 ./Libraries/wch_libraries/Peripheral/ch32v10x_misc.o
 .debug_info    0x000000000000409d      0x8d8 ./Libraries/wch_libraries/Peripheral/ch32v10x_rcc.o
 .debug_info    0x0000000000004975     0x1dcc ./Libraries/wch_libraries/Peripheral/ch32v10x_tim.o
 .debug_info    0x0000000000006741      0xa42 ./Libraries/wch_libraries/Peripheral/ch32v10x_usart.o
 .debug_info    0x0000000000007183     0x159f ./Libraries/seekfree_peripheral/SEEKFREE_MT9V03X.o
 .debug_info    0x0000000000008722     0x1573 ./Libraries/seekfree_peripheral/SEEKFREE_UART_7725.o
 .debug_info    0x0000000000009c95      0xa5b ./Libraries/seekfree_libraries/common.o
 .debug_info    0x000000000000a6f0     0x118f ./Libraries/seekfree_libraries/zf_gpio.o
 .debug_info    0x000000000000b87f      0xeeb ./Libraries/seekfree_libraries/zf_nvic.o
 .debug_info    0x000000000000c76a      0xfe7 ./Libraries/seekfree_libraries/zf_pit.o
 .debug_info    0x000000000000d751     0x125a ./Libraries/seekfree_libraries/zf_qtimer.o
 .debug_info    0x000000000000e9ab     0x1339 ./Libraries/seekfree_libraries/zf_uart.o
 .debug_info    0x000000000000fce4      0xcf3 ./Libraries/board/board.o
 .debug_info    0x00000000000109d7      0x25f ./Libraries/board/clock_config.o

.debug_abbrev   0x0000000000000000     0x2aa0
 .debug_abbrev  0x0000000000000000      0x265 ./USER/isr.o
 .debug_abbrev  0x0000000000000265      0x29d ./USER/main.o
 .debug_abbrev  0x0000000000000502       0x12 ./Libraries/wch_libraries/Startup/startup_ch32v10x.o
 .debug_abbrev  0x0000000000000514      0x18f ./Libraries/wch_libraries/Peripheral/ch32v10x_dma.o
 .debug_abbrev  0x00000000000006a3      0x144 ./Libraries/wch_libraries/Peripheral/ch32v10x_exti.o
 .debug_abbrev  0x00000000000007e7      0x1c7 ./Libraries/wch_libraries/Peripheral/ch32v10x_gpio.o
 .debug_abbrev  0x00000000000009ae      0x179 ./Libraries/wch_libraries/Peripheral/ch32v10x_misc.o
 .debug_abbrev  0x0000000000000b27      0x1ef ./Libraries/wch_libraries/Peripheral/ch32v10x_rcc.o
 .debug_abbrev  0x0000000000000d16      0x1c9 ./Libraries/wch_libraries/Peripheral/ch32v10x_tim.o
 .debug_abbrev  0x0000000000000edf      0x19e ./Libraries/wch_libraries/Peripheral/ch32v10x_usart.o
 .debug_abbrev  0x000000000000107d      0x365 ./Libraries/seekfree_peripheral/SEEKFREE_MT9V03X.o
 .debug_abbrev  0x00000000000013e2      0x392 ./Libraries/seekfree_peripheral/SEEKFREE_UART_7725.o
 .debug_abbrev  0x0000000000001774      0x1fa ./Libraries/seekfree_libraries/common.o
 .debug_abbrev  0x000000000000196e      0x2c2 ./Libraries/seekfree_libraries/zf_gpio.o
 .debug_abbrev  0x0000000000001c30      0x2b8 ./Libraries/seekfree_libraries/zf_nvic.o
 .debug_abbrev  0x0000000000001ee8      0x2b5 ./Libraries/seekfree_libraries/zf_pit.o
 .debug_abbrev  0x000000000000219d      0x2b6 ./Libraries/seekfree_libraries/zf_qtimer.o
 .debug_abbrev  0x0000000000002453      0x2e5 ./Libraries/seekfree_libraries/zf_uart.o
 .debug_abbrev  0x0000000000002738      0x280 ./Libraries/board/board.o
 .debug_abbrev  0x00000000000029b8       0xe8 ./Libraries/board/clock_config.o

.debug_aranges  0x0000000000000000      0xa90
 .debug_aranges
                0x0000000000000000       0xb8 ./USER/isr.o
 .debug_aranges
                0x00000000000000b8       0x38 ./USER/main.o
 .debug_aranges
                0x00000000000000f0       0x30 ./Libraries/wch_libraries/Startup/startup_ch32v10x.o
 .debug_aranges
                0x0000000000000120       0x70 ./Libraries/wch_libraries/Peripheral/ch32v10x_dma.o
 .debug_aranges
                0x0000000000000190       0x58 ./Libraries/wch_libraries/Peripheral/ch32v10x_exti.o
 .debug_aranges
                0x00000000000001e8       0xa0 ./Libraries/wch_libraries/Peripheral/ch32v10x_gpio.o
 .debug_aranges
                0x0000000000000288       0x40 ./Libraries/wch_libraries/Peripheral/ch32v10x_misc.o
 .debug_aranges
                0x00000000000002c8      0x118 ./Libraries/wch_libraries/Peripheral/ch32v10x_rcc.o
 .debug_aranges
                0x00000000000003e0      0x2f0 ./Libraries/wch_libraries/Peripheral/ch32v10x_tim.o
 .debug_aranges
                0x00000000000006d0      0x100 ./Libraries/wch_libraries/Peripheral/ch32v10x_usart.o
 .debug_aranges
                0x00000000000007d0       0x80 ./Libraries/seekfree_peripheral/SEEKFREE_MT9V03X.o
 .debug_aranges
                0x0000000000000850       0x80 ./Libraries/seekfree_peripheral/SEEKFREE_UART_7725.o
 .debug_aranges
                0x00000000000008d0       0x18 ./Libraries/seekfree_libraries/common.o
 .debug_aranges
                0x00000000000008e8       0x40 ./Libraries/seekfree_libraries/zf_gpio.o
 .debug_aranges
                0x0000000000000928       0x40 ./Libraries/seekfree_libraries/zf_nvic.o
 .debug_aranges
                0x0000000000000968       0x40 ./Libraries/seekfree_libraries/zf_pit.o
 .debug_aranges
                0x00000000000009a8       0x38 ./Libraries/seekfree_libraries/zf_qtimer.o
 .debug_aranges
                0x00000000000009e0       0x60 ./Libraries/seekfree_libraries/zf_uart.o
 .debug_aranges
                0x0000000000000a40       0x28 ./Libraries/board/board.o
 .debug_aranges
                0x0000000000000a68       0x28 ./Libraries/board/clock_config.o

.debug_ranges   0x0000000000000000      0x950
 .debug_ranges  0x0000000000000000       0xa8 ./USER/isr.o
 .debug_ranges  0x00000000000000a8       0x28 ./USER/main.o
 .debug_ranges  0x00000000000000d0       0x28 ./Libraries/wch_libraries/Startup/startup_ch32v10x.o
 .debug_ranges  0x00000000000000f8       0x60 ./Libraries/wch_libraries/Peripheral/ch32v10x_dma.o
 .debug_ranges  0x0000000000000158       0x48 ./Libraries/wch_libraries/Peripheral/ch32v10x_exti.o
 .debug_ranges  0x00000000000001a0       0x90 ./Libraries/wch_libraries/Peripheral/ch32v10x_gpio.o
 .debug_ranges  0x0000000000000230       0x30 ./Libraries/wch_libraries/Peripheral/ch32v10x_misc.o
 .debug_ranges  0x0000000000000260      0x108 ./Libraries/wch_libraries/Peripheral/ch32v10x_rcc.o
 .debug_ranges  0x0000000000000368      0x2e0 ./Libraries/wch_libraries/Peripheral/ch32v10x_tim.o
 .debug_ranges  0x0000000000000648       0xf0 ./Libraries/wch_libraries/Peripheral/ch32v10x_usart.o
 .debug_ranges  0x0000000000000738       0x70 ./Libraries/seekfree_peripheral/SEEKFREE_MT9V03X.o
 .debug_ranges  0x00000000000007a8       0x70 ./Libraries/seekfree_peripheral/SEEKFREE_UART_7725.o
 .debug_ranges  0x0000000000000818       0x30 ./Libraries/seekfree_libraries/zf_gpio.o
 .debug_ranges  0x0000000000000848       0x30 ./Libraries/seekfree_libraries/zf_nvic.o
 .debug_ranges  0x0000000000000878       0x30 ./Libraries/seekfree_libraries/zf_pit.o
 .debug_ranges  0x00000000000008a8       0x28 ./Libraries/seekfree_libraries/zf_qtimer.o
 .debug_ranges  0x00000000000008d0       0x50 ./Libraries/seekfree_libraries/zf_uart.o
 .debug_ranges  0x0000000000000920       0x18 ./Libraries/board/board.o
 .debug_ranges  0x0000000000000938       0x18 ./Libraries/board/clock_config.o

.debug_line     0x0000000000000000     0x96e4
 .debug_line    0x0000000000000000      0x77b ./USER/isr.o
 .debug_line    0x000000000000077b      0x4b7 ./USER/main.o
 .debug_line    0x0000000000000c32      0x225 ./Libraries/wch_libraries/Startup/startup_ch32v10x.o
 .debug_line    0x0000000000000e57      0x6a0 ./Libraries/wch_libraries/Peripheral/ch32v10x_dma.o
 .debug_line    0x00000000000014f7      0x4de ./Libraries/wch_libraries/Peripheral/ch32v10x_exti.o
 .debug_line    0x00000000000019d5      0x970 ./Libraries/wch_libraries/Peripheral/ch32v10x_gpio.o
 .debug_line    0x0000000000002345      0x391 ./Libraries/wch_libraries/Peripheral/ch32v10x_misc.o
 .debug_line    0x00000000000026d6      0xca6 ./Libraries/wch_libraries/Peripheral/ch32v10x_rcc.o
 .debug_line    0x000000000000337c     0x1f50 ./Libraries/wch_libraries/Peripheral/ch32v10x_tim.o
 .debug_line    0x00000000000052cc      0xbd4 ./Libraries/wch_libraries/Peripheral/ch32v10x_usart.o
 .debug_line    0x0000000000005ea0      0x9ca ./Libraries/seekfree_peripheral/SEEKFREE_MT9V03X.o
 .debug_line    0x000000000000686a      0x9ba ./Libraries/seekfree_peripheral/SEEKFREE_UART_7725.o
 .debug_line    0x0000000000007224      0x18b ./Libraries/seekfree_libraries/common.o
 .debug_line    0x00000000000073af      0x62b ./Libraries/seekfree_libraries/zf_gpio.o
 .debug_line    0x00000000000079da      0x449 ./Libraries/seekfree_libraries/zf_nvic.o
 .debug_line    0x0000000000007e23      0x5fe ./Libraries/seekfree_libraries/zf_pit.o
 .debug_line    0x0000000000008421      0x5a5 ./Libraries/seekfree_libraries/zf_qtimer.o
 .debug_line    0x00000000000089c6      0x66c ./Libraries/seekfree_libraries/zf_uart.o
 .debug_line    0x0000000000009032      0x380 ./Libraries/board/board.o
 .debug_line    0x00000000000093b2      0x332 ./Libraries/board/clock_config.o

.debug_str      0x0000000000000000     0x3690
 .debug_str     0x0000000000000000      0xd39 ./USER/isr.o
                                        0xdff (size before relaxing)
 .debug_str     0x0000000000000d39      0x227 ./USER/main.o
                                        0xecf (size before relaxing)
 .debug_str     0x0000000000000f60       0x42 ./Libraries/wch_libraries/Startup/startup_ch32v10x.o
                                         0x93 (size before relaxing)
 .debug_str     0x0000000000000fa2      0x24c ./Libraries/wch_libraries/Peripheral/ch32v10x_dma.o
                                        0x423 (size before relaxing)
 .debug_str     0x00000000000011ee      0x1cf ./Libraries/wch_libraries/Peripheral/ch32v10x_exti.o
                                        0x3bd (size before relaxing)
 .debug_str     0x00000000000013bd      0x329 ./Libraries/wch_libraries/Peripheral/ch32v10x_gpio.o
                                        0x554 (size before relaxing)
 .debug_str     0x00000000000016e6      0x3bf ./Libraries/wch_libraries/Peripheral/ch32v10x_misc.o
                                        0x5f1 (size before relaxing)
 .debug_str     0x0000000000001aa5      0x45e ./Libraries/wch_libraries/Peripheral/ch32v10x_rcc.o
                                        0x695 (size before relaxing)
 .debug_str     0x0000000000001f03      0xabc ./Libraries/wch_libraries/Peripheral/ch32v10x_tim.o
                                        0xe7d (size before relaxing)
 .debug_str     0x00000000000029bf      0x410 ./Libraries/wch_libraries/Peripheral/ch32v10x_usart.o
                                        0x707 (size before relaxing)
 .debug_str     0x0000000000002dcf      0x151 ./Libraries/seekfree_peripheral/SEEKFREE_MT9V03X.o
                                        0xd44 (size before relaxing)
 .debug_str     0x0000000000002f20      0x280 ./Libraries/seekfree_peripheral/SEEKFREE_UART_7725.o
                                        0xde1 (size before relaxing)
 .debug_str     0x00000000000031a0       0x29 ./Libraries/seekfree_libraries/common.o
                                        0x6c3 (size before relaxing)
 .debug_str     0x00000000000031c9       0xbc ./Libraries/seekfree_libraries/zf_gpio.o
                                        0x9db (size before relaxing)
 .debug_str     0x0000000000003285       0xac ./Libraries/seekfree_libraries/zf_nvic.o
                                        0xb06 (size before relaxing)
 .debug_str     0x0000000000003331       0xbd ./Libraries/seekfree_libraries/zf_pit.o
                                        0xbd6 (size before relaxing)
 .debug_str     0x00000000000033ee      0x153 ./Libraries/seekfree_libraries/zf_qtimer.o
                                        0xaab (size before relaxing)
 .debug_str     0x0000000000003541       0xc3 ./Libraries/seekfree_libraries/zf_uart.o
                                        0xbf8 (size before relaxing)
 .debug_str     0x0000000000003604       0x26 ./Libraries/board/board.o
                                        0x859 (size before relaxing)
 .debug_str     0x000000000000362a       0x66 ./Libraries/board/clock_config.o
                                        0x2b5 (size before relaxing)

.comment        0x0000000000000000       0x33
 .comment       0x0000000000000000       0x33 ./USER/isr.o
                                         0x34 (size before relaxing)
 .comment       0x0000000000000033       0x34 ./USER/main.o
 .comment       0x0000000000000033       0x34 ./Libraries/wch_libraries/Peripheral/ch32v10x_dma.o
 .comment       0x0000000000000033       0x34 ./Libraries/wch_libraries/Peripheral/ch32v10x_exti.o
 .comment       0x0000000000000033       0x34 ./Libraries/wch_libraries/Peripheral/ch32v10x_gpio.o
 .comment       0x0000000000000033       0x34 ./Libraries/wch_libraries/Peripheral/ch32v10x_misc.o
 .comment       0x0000000000000033       0x34 ./Libraries/wch_libraries/Peripheral/ch32v10x_rcc.o
 .comment       0x0000000000000033       0x34 ./Libraries/wch_libraries/Peripheral/ch32v10x_tim.o
 .comment       0x0000000000000033       0x34 ./Libraries/wch_libraries/Peripheral/ch32v10x_usart.o
 .comment       0x0000000000000033       0x34 ./Libraries/seekfree_peripheral/SEEKFREE_MT9V03X.o
 .comment       0x0000000000000033       0x34 ./Libraries/seekfree_peripheral/SEEKFREE_UART_7725.o
 .comment       0x0000000000000033       0x34 ./Libraries/seekfree_libraries/common.o
 .comment       0x0000000000000033       0x34 ./Libraries/seekfree_libraries/zf_gpio.o
 .comment       0x0000000000000033       0x34 ./Libraries/seekfree_libraries/zf_nvic.o
 .comment       0x0000000000000033       0x34 ./Libraries/seekfree_libraries/zf_pit.o
 .comment       0x0000000000000033       0x34 ./Libraries/seekfree_libraries/zf_qtimer.o
 .comment       0x0000000000000033       0x34 ./Libraries/seekfree_libraries/zf_uart.o
 .comment       0x0000000000000033       0x34 ./Libraries/board/board.o
 .comment       0x0000000000000033       0x34 ./Libraries/board/clock_config.o

.debug_frame    0x0000000000000000     0x2fc8
 .debug_frame   0x0000000000000000      0x28c ./USER/isr.o
 .debug_frame   0x000000000000028c       0x8c ./USER/main.o
 .debug_frame   0x0000000000000318      0x174 ./Libraries/wch_libraries/Peripheral/ch32v10x_dma.o
 .debug_frame   0x000000000000048c      0x114 ./Libraries/wch_libraries/Peripheral/ch32v10x_exti.o
 .debug_frame   0x00000000000005a0      0x244 ./Libraries/wch_libraries/Peripheral/ch32v10x_gpio.o
 .debug_frame   0x00000000000007e4       0xb4 ./Libraries/wch_libraries/Peripheral/ch32v10x_misc.o
 .debug_frame   0x0000000000000898      0x418 ./Libraries/wch_libraries/Peripheral/ch32v10x_rcc.o
 .debug_frame   0x0000000000000cb0      0xbb4 ./Libraries/wch_libraries/Peripheral/ch32v10x_tim.o
 .debug_frame   0x0000000000001864      0x3bc ./Libraries/wch_libraries/Peripheral/ch32v10x_usart.o
 .debug_frame   0x0000000000001c20      0x1ec ./Libraries/seekfree_peripheral/SEEKFREE_MT9V03X.o
 .debug_frame   0x0000000000001e0c      0x214 ./Libraries/seekfree_peripheral/SEEKFREE_UART_7725.o
 .debug_frame   0x0000000000002020       0xbc ./Libraries/seekfree_libraries/zf_gpio.o
 .debug_frame   0x00000000000020dc       0xbc ./Libraries/seekfree_libraries/zf_nvic.o
 .debug_frame   0x0000000000002198       0xc8 ./Libraries/seekfree_libraries/zf_pit.o
 .debug_frame   0x0000000000002260       0xa0 ./Libraries/seekfree_libraries/zf_qtimer.o
 .debug_frame   0x0000000000002300      0x150 ./Libraries/seekfree_libraries/zf_uart.o
 .debug_frame   0x0000000000002450       0x58 ./Libraries/board/board.o
 .debug_frame   0x00000000000024a8       0x58 ./Libraries/board/clock_config.o
 .debug_frame   0x0000000000002500       0x40 f:/mrd/mounriver_studio/toolchain/risc-v embedded gcc/bin/../lib/gcc/riscv-none-embed/8.2.0/../../../../riscv-none-embed/lib/rv32imac/ilp32\libg_nano.a(lib_a-assert.o)
 .debug_frame   0x0000000000002540       0x48 f:/mrd/mounriver_studio/toolchain/risc-v embedded gcc/bin/../lib/gcc/riscv-none-embed/8.2.0/../../../../riscv-none-embed/lib/rv32imac/ilp32\libg_nano.a(lib_a-fprintf.o)
 .debug_frame   0x0000000000002588       0xd0 f:/mrd/mounriver_studio/toolchain/risc-v embedded gcc/bin/../lib/gcc/riscv-none-embed/8.2.0/../../../../riscv-none-embed/lib/rv32imac/ilp32\libg_nano.a(lib_a-nano-vfprintf.o)
 .debug_frame   0x0000000000002658       0x8c f:/mrd/mounriver_studio/toolchain/risc-v embedded gcc/bin/../lib/gcc/riscv-none-embed/8.2.0/../../../../riscv-none-embed/lib/rv32imac/ilp32\libg_nano.a(lib_a-nano-vfprintf_i.o)
 .debug_frame   0x00000000000026e4       0x50 f:/mrd/mounriver_studio/toolchain/risc-v embedded gcc/bin/../lib/gcc/riscv-none-embed/8.2.0/../../../../riscv-none-embed/lib/rv32imac/ilp32\libg_nano.a(lib_a-wbuf.o)
 .debug_frame   0x0000000000002734       0x3c f:/mrd/mounriver_studio/toolchain/risc-v embedded gcc/bin/../lib/gcc/riscv-none-embed/8.2.0/../../../../riscv-none-embed/lib/rv32imac/ilp32\libg_nano.a(lib_a-wsetup.o)
 .debug_frame   0x0000000000002770       0x28 f:/mrd/mounriver_studio/toolchain/risc-v embedded gcc/bin/../lib/gcc/riscv-none-embed/8.2.0/../../../../riscv-none-embed/lib/rv32imac/ilp32\libg_nano.a(lib_a-abort.o)
 .debug_frame   0x0000000000002798       0x7c f:/mrd/mounriver_studio/toolchain/risc-v embedded gcc/bin/../lib/gcc/riscv-none-embed/8.2.0/../../../../riscv-none-embed/lib/rv32imac/ilp32\libg_nano.a(lib_a-fflush.o)
 .debug_frame   0x0000000000002814      0x148 f:/mrd/mounriver_studio/toolchain/risc-v embedded gcc/bin/../lib/gcc/riscv-none-embed/8.2.0/../../../../riscv-none-embed/lib/rv32imac/ilp32\libg_nano.a(lib_a-findfp.o)
 .debug_frame   0x000000000000295c       0x88 f:/mrd/mounriver_studio/toolchain/risc-v embedded gcc/bin/../lib/gcc/riscv-none-embed/8.2.0/../../../../riscv-none-embed/lib/rv32imac/ilp32\libg_nano.a(lib_a-fwalk.o)
 .debug_frame   0x00000000000029e4       0x64 f:/mrd/mounriver_studio/toolchain/risc-v embedded gcc/bin/../lib/gcc/riscv-none-embed/8.2.0/../../../../riscv-none-embed/lib/rv32imac/ilp32\libg_nano.a(lib_a-makebuf.o)
 .debug_frame   0x0000000000002a48       0x20 f:/mrd/mounriver_studio/toolchain/risc-v embedded gcc/bin/../lib/gcc/riscv-none-embed/8.2.0/../../../../riscv-none-embed/lib/rv32imac/ilp32\libg_nano.a(lib_a-memchr.o)
 .debug_frame   0x0000000000002a68       0x40 f:/mrd/mounriver_studio/toolchain/risc-v embedded gcc/bin/../lib/gcc/riscv-none-embed/8.2.0/../../../../riscv-none-embed/lib/rv32imac/ilp32\libg_nano.a(lib_a-nano-freer.o)
 .debug_frame   0x0000000000002aa8       0x40 f:/mrd/mounriver_studio/toolchain/risc-v embedded gcc/bin/../lib/gcc/riscv-none-embed/8.2.0/../../../../riscv-none-embed/lib/rv32imac/ilp32\libg_nano.a(lib_a-nano-mallocr.o)
 .debug_frame   0x0000000000002ae8       0x30 f:/mrd/mounriver_studio/toolchain/risc-v embedded gcc/bin/../lib/gcc/riscv-none-embed/8.2.0/../../../../riscv-none-embed/lib/rv32imac/ilp32\libg_nano.a(lib_a-sbrkr.o)
 .debug_frame   0x0000000000002b18       0xec f:/mrd/mounriver_studio/toolchain/risc-v embedded gcc/bin/../lib/gcc/riscv-none-embed/8.2.0/../../../../riscv-none-embed/lib/rv32imac/ilp32\libg_nano.a(lib_a-signal.o)
 .debug_frame   0x0000000000002c04       0x40 f:/mrd/mounriver_studio/toolchain/risc-v embedded gcc/bin/../lib/gcc/riscv-none-embed/8.2.0/../../../../riscv-none-embed/lib/rv32imac/ilp32\libg_nano.a(lib_a-signalr.o)
 .debug_frame   0x0000000000002c44       0xa4 f:/mrd/mounriver_studio/toolchain/risc-v embedded gcc/bin/../lib/gcc/riscv-none-embed/8.2.0/../../../../riscv-none-embed/lib/rv32imac/ilp32\libg_nano.a(lib_a-stdio.o)
 .debug_frame   0x0000000000002ce8       0x30 f:/mrd/mounriver_studio/toolchain/risc-v embedded gcc/bin/../lib/gcc/riscv-none-embed/8.2.0/../../../../riscv-none-embed/lib/rv32imac/ilp32\libg_nano.a(lib_a-writer.o)
 .debug_frame   0x0000000000002d18       0x30 f:/mrd/mounriver_studio/toolchain/risc-v embedded gcc/bin/../lib/gcc/riscv-none-embed/8.2.0/../../../../riscv-none-embed/lib/rv32imac/ilp32\libg_nano.a(lib_a-closer.o)
 .debug_frame   0x0000000000002d48       0x30 f:/mrd/mounriver_studio/toolchain/risc-v embedded gcc/bin/../lib/gcc/riscv-none-embed/8.2.0/../../../../riscv-none-embed/lib/rv32imac/ilp32\libg_nano.a(lib_a-fstatr.o)
 .debug_frame   0x0000000000002d78       0x30 f:/mrd/mounriver_studio/toolchain/risc-v embedded gcc/bin/../lib/gcc/riscv-none-embed/8.2.0/../../../../riscv-none-embed/lib/rv32imac/ilp32\libg_nano.a(lib_a-isattyr.o)
 .debug_frame   0x0000000000002da8       0x30 f:/mrd/mounriver_studio/toolchain/risc-v embedded gcc/bin/../lib/gcc/riscv-none-embed/8.2.0/../../../../riscv-none-embed/lib/rv32imac/ilp32\libg_nano.a(lib_a-lseekr.o)
 .debug_frame   0x0000000000002dd8       0x30 f:/mrd/mounriver_studio/toolchain/risc-v embedded gcc/bin/../lib/gcc/riscv-none-embed/8.2.0/../../../../riscv-none-embed/lib/rv32imac/ilp32\libg_nano.a(lib_a-mlock.o)
 .debug_frame   0x0000000000002e08       0x30 f:/mrd/mounriver_studio/toolchain/risc-v embedded gcc/bin/../lib/gcc/riscv-none-embed/8.2.0/../../../../riscv-none-embed/lib/rv32imac/ilp32\libg_nano.a(lib_a-readr.o)
 .debug_frame   0x0000000000002e38       0x70 f:/mrd/mounriver_studio/toolchain/risc-v embedded gcc/bin/../lib/gcc/riscv-none-embed/8.2.0/../../../../riscv-none-embed/lib/rv32imac/ilp32\libg_nano.a(lib_a-reent.o)
 .debug_frame   0x0000000000002ea8       0x20 f:/mrd/mounriver_studio/toolchain/risc-v embedded gcc/bin/../lib/gcc/riscv-none-embed/8.2.0/../../../../riscv-none-embed/lib/rv32imac/ilp32\libnosys.a(close.o)
 .debug_frame   0x0000000000002ec8       0x20 f:/mrd/mounriver_studio/toolchain/risc-v embedded gcc/bin/../lib/gcc/riscv-none-embed/8.2.0/../../../../riscv-none-embed/lib/rv32imac/ilp32\libnosys.a(fstat.o)
 .debug_frame   0x0000000000002ee8       0x20 f:/mrd/mounriver_studio/toolchain/risc-v embedded gcc/bin/../lib/gcc/riscv-none-embed/8.2.0/../../../../riscv-none-embed/lib/rv32imac/ilp32\libnosys.a(getpid.o)
 .debug_frame   0x0000000000002f08       0x20 f:/mrd/mounriver_studio/toolchain/risc-v embedded gcc/bin/../lib/gcc/riscv-none-embed/8.2.0/../../../../riscv-none-embed/lib/rv32imac/ilp32\libnosys.a(isatty.o)
 .debug_frame   0x0000000000002f28       0x20 f:/mrd/mounriver_studio/toolchain/risc-v embedded gcc/bin/../lib/gcc/riscv-none-embed/8.2.0/../../../../riscv-none-embed/lib/rv32imac/ilp32\libnosys.a(kill.o)
 .debug_frame   0x0000000000002f48       0x20 f:/mrd/mounriver_studio/toolchain/risc-v embedded gcc/bin/../lib/gcc/riscv-none-embed/8.2.0/../../../../riscv-none-embed/lib/rv32imac/ilp32\libnosys.a(lseek.o)
 .debug_frame   0x0000000000002f68       0x20 f:/mrd/mounriver_studio/toolchain/risc-v embedded gcc/bin/../lib/gcc/riscv-none-embed/8.2.0/../../../../riscv-none-embed/lib/rv32imac/ilp32\libnosys.a(read.o)
 .debug_frame   0x0000000000002f88       0x20 f:/mrd/mounriver_studio/toolchain/risc-v embedded gcc/bin/../lib/gcc/riscv-none-embed/8.2.0/../../../../riscv-none-embed/lib/rv32imac/ilp32\libnosys.a(sbrk.o)
 .debug_frame   0x0000000000002fa8       0x20 f:/mrd/mounriver_studio/toolchain/risc-v embedded gcc/bin/../lib/gcc/riscv-none-embed/8.2.0/../../../../riscv-none-embed/lib/rv32imac/ilp32\libnosys.a(_exit.o)

.stab           0x0000000000000000       0xb4
 .stab          0x0000000000000000       0x24 f:/mrd/mounriver_studio/toolchain/risc-v embedded gcc/bin/../lib/gcc/riscv-none-embed/8.2.0/../../../../riscv-none-embed/lib/rv32imac/ilp32\libnosys.a(close.o)
 .stab          0x0000000000000024       0x18 f:/mrd/mounriver_studio/toolchain/risc-v embedded gcc/bin/../lib/gcc/riscv-none-embed/8.2.0/../../../../riscv-none-embed/lib/rv32imac/ilp32\libnosys.a(fstat.o)
                                         0x24 (size before relaxing)
 .stab          0x000000000000003c       0x18 f:/mrd/mounriver_studio/toolchain/risc-v embedded gcc/bin/../lib/gcc/riscv-none-embed/8.2.0/../../../../riscv-none-embed/lib/rv32imac/ilp32\libnosys.a(getpid.o)
                                         0x24 (size before relaxing)
 .stab          0x0000000000000054       0x18 f:/mrd/mounriver_studio/toolchain/risc-v embedded gcc/bin/../lib/gcc/riscv-none-embed/8.2.0/../../../../riscv-none-embed/lib/rv32imac/ilp32\libnosys.a(isatty.o)
                                         0x24 (size before relaxing)
 .stab          0x000000000000006c       0x18 f:/mrd/mounriver_studio/toolchain/risc-v embedded gcc/bin/../lib/gcc/riscv-none-embed/8.2.0/../../../../riscv-none-embed/lib/rv32imac/ilp32\libnosys.a(kill.o)
                                         0x24 (size before relaxing)
 .stab          0x0000000000000084       0x18 f:/mrd/mounriver_studio/toolchain/risc-v embedded gcc/bin/../lib/gcc/riscv-none-embed/8.2.0/../../../../riscv-none-embed/lib/rv32imac/ilp32\libnosys.a(lseek.o)
                                         0x24 (size before relaxing)
 .stab          0x000000000000009c       0x18 f:/mrd/mounriver_studio/toolchain/risc-v embedded gcc/bin/../lib/gcc/riscv-none-embed/8.2.0/../../../../riscv-none-embed/lib/rv32imac/ilp32\libnosys.a(read.o)
                                         0x24 (size before relaxing)

.stabstr        0x0000000000000000      0x183
 .stabstr       0x0000000000000000      0x183 f:/mrd/mounriver_studio/toolchain/risc-v embedded gcc/bin/../lib/gcc/riscv-none-embed/8.2.0/../../../../riscv-none-embed/lib/rv32imac/ilp32\libnosys.a(close.o)
